// Validating benchmarks:
// ***** BenchmarkRunner: Start   *****
// ***** Found 10 benchmark(s) in total *****
// ***** Building 1 exe(s) in Parallel: Start   *****
// start dotnet  restore --nodeReuse:false /p:UseSharedCompilation=false /p:Deterministic=true /p:Optimize=true /p:ArtifactsPath="D:\Simulation\Assignment 4\Manar166-Assignment-4\assignment\Assignment4\Assignment4\bin\Release\net10.0\Assignment4-DefaultJob-1/" /p:OutDir="D:\Simulation\Assignment 4\Manar166-Assignment-4\assignment\Assignment4\Assignment4\bin\Release\net10.0\Assignment4-DefaultJob-1\bin\Release\net10.0/" /p:OutputPath="D:\Simulation\Assignment 4\Manar166-Assignment-4\assignment\Assignment4\Assignment4\bin\Release\net10.0\Assignment4-DefaultJob-1\bin\Release\net10.0/" /p:PublishDir="D:\Simulation\Assignment 4\Manar166-Assignment-4\assignment\Assignment4\Assignment4\bin\Release\net10.0\Assignment4-DefaultJob-1\publish/" in D:\Simulation\Assignment 4\Manar166-Assignment-4\assignment\Assignment4\Assignment4\bin\Release\net10.0\Assignment4-DefaultJob-1
// command took 1.1 sec and exited with 0
// start dotnet  build -c Release --no-restore --nodeReuse:false /p:UseSharedCompilation=false /p:Deterministic=true /p:Optimize=true /p:ArtifactsPath="D:\Simulation\Assignment 4\Manar166-Assignment-4\assignment\Assignment4\Assignment4\bin\Release\net10.0\Assignment4-DefaultJob-1/" /p:OutDir="D:\Simulation\Assignment 4\Manar166-Assignment-4\assignment\Assignment4\Assignment4\bin\Release\net10.0\Assignment4-DefaultJob-1\bin\Release\net10.0/" /p:OutputPath="D:\Simulation\Assignment 4\Manar166-Assignment-4\assignment\Assignment4\Assignment4\bin\Release\net10.0\Assignment4-DefaultJob-1\bin\Release\net10.0/" /p:PublishDir="D:\Simulation\Assignment 4\Manar166-Assignment-4\assignment\Assignment4\Assignment4\bin\Release\net10.0\Assignment4-DefaultJob-1\publish/" --output "D:\Simulation\Assignment 4\Manar166-Assignment-4\assignment\Assignment4\Assignment4\bin\Release\net10.0\Assignment4-DefaultJob-1\bin\Release\net10.0/" in D:\Simulation\Assignment 4\Manar166-Assignment-4\assignment\Assignment4\Assignment4\bin\Release\net10.0\Assignment4-DefaultJob-1
// command took 4.24 sec and exited with 0
// ***** Done, took 00:00:05 (5.48 sec)   *****
// Found 10 benchmarks:
//   StringBenchmark.BuildScheduleReport: DefaultJob [Iterations=10]
//   StringBenchmark.ReportUsingStringBuilder: DefaultJob [Iterations=10]
//   StringBenchmark.BuildScheduleReport: DefaultJob [Iterations=100]
//   StringBenchmark.ReportUsingStringBuilder: DefaultJob [Iterations=100]
//   StringBenchmark.BuildScheduleReport: DefaultJob [Iterations=1000]
//   StringBenchmark.ReportUsingStringBuilder: DefaultJob [Iterations=1000]
//   StringBenchmark.BuildScheduleReport: DefaultJob [Iterations=10000]
//   StringBenchmark.ReportUsingStringBuilder: DefaultJob [Iterations=10000]
//   StringBenchmark.BuildScheduleReport: DefaultJob [Iterations=100000]
//   StringBenchmark.ReportUsingStringBuilder: DefaultJob [Iterations=100000]

Setup power plan (GUID: 8c5e7fda-e8bf-4a96-9a85-a6e23a8c635c FriendlyName: High performance)
// **************************
// Benchmark: StringBenchmark.BuildScheduleReport: DefaultJob [Iterations=10]
// *** Execute ***
// Launch: 1 / 1
// Execute: dotnet Assignment4-DefaultJob-1.dll --anonymousPipes 1520 1452 --benchmarkName "Assignment4.StringBenchmark.BuildScheduleReport(Iterations: 10)" --job Default --benchmarkId 0 in D:\Simulation\Assignment 4\Manar166-Assignment-4\assignment\Assignment4\Assignment4\bin\Release\net10.0\Assignment4-DefaultJob-1\bin\Release\net10.0
// BeforeAnythingElse

// Benchmark Process Environment Information:
// BenchmarkDotNet v0.15.8
// Runtime=.NET 10.0.12 (10.0.12, 10.0.1226.42308), X64 RyuJIT x86-64-v3
// GC=Concurrent Workstation
// HardwareIntrinsics=AVX2+BMI1+BMI2+F16C+FMA+LZCNT+MOVBE,AVX,SSE3+SSSE3+SSE4.1+SSE4.2+POPCNT,X86Base+SSE+SSE2,AES+PCLMUL,AvxVnni,SERIALIZE VectorSize=256
// Job: DefaultJob

OverheadJitting  1: 1 op, 168300.00 ns, 168.3000 us/op
WorkloadJitting  1: 1 op, 449800.00 ns, 449.8000 us/op

OverheadJitting  2: 16 op, 385300.00 ns, 24.0813 us/op
WorkloadJitting  2: 16 op, 365600.00 ns, 22.8500 us/op

WorkloadPilot    1: 16 op, 12800.00 ns, 800.0000 ns/op
WorkloadPilot    2: 32 op, 40600.00 ns, 1.2688 us/op
WorkloadPilot    3: 64 op, 78300.00 ns, 1.2234 us/op
WorkloadPilot    4: 128 op, 184300.00 ns, 1.4398 us/op
WorkloadPilot    5: 256 op, 359800.00 ns, 1.4055 us/op
WorkloadPilot    6: 512 op, 523200.00 ns, 1.0219 us/op
WorkloadPilot    7: 1024 op, 2039100.00 ns, 1.9913 us/op
WorkloadPilot    8: 2048 op, 3250200.00 ns, 1.5870 us/op
WorkloadPilot    9: 4096 op, 4881200.00 ns, 1.1917 us/op
WorkloadPilot   10: 8192 op, 4682000.00 ns, 571.5332 ns/op
WorkloadPilot   11: 16384 op, 7146200.00 ns, 436.1694 ns/op
WorkloadPilot   12: 32768 op, 11643500.00 ns, 355.3314 ns/op
WorkloadPilot   13: 65536 op, 20259700.00 ns, 309.1385 ns/op
WorkloadPilot   14: 131072 op, 39876800.00 ns, 304.2358 ns/op
WorkloadPilot   15: 262144 op, 86545600.00 ns, 330.1453 ns/op
WorkloadPilot   16: 524288 op, 154929300.00 ns, 295.5042 ns/op
WorkloadPilot   17: 1048576 op, 320659000.00 ns, 305.8043 ns/op
WorkloadPilot   18: 2097152 op, 682341300.00 ns, 325.3657 ns/op

OverheadWarmup   1: 2097152 op, 5399500.00 ns, 2.5747 ns/op
OverheadWarmup   2: 2097152 op, 5520400.00 ns, 2.6323 ns/op
OverheadWarmup   3: 2097152 op, 5597600.00 ns, 2.6691 ns/op
OverheadWarmup   4: 2097152 op, 5339300.00 ns, 2.5460 ns/op
OverheadWarmup   5: 2097152 op, 5356400.00 ns, 2.5541 ns/op
OverheadWarmup   6: 2097152 op, 5308700.00 ns, 2.5314 ns/op

OverheadActual   1: 2097152 op, 5383900.00 ns, 2.5672 ns/op
OverheadActual   2: 2097152 op, 5439100.00 ns, 2.5936 ns/op
OverheadActual   3: 2097152 op, 5194900.00 ns, 2.4771 ns/op
OverheadActual   4: 2097152 op, 5346900.00 ns, 2.5496 ns/op
OverheadActual   5: 2097152 op, 5311900.00 ns, 2.5329 ns/op
OverheadActual   6: 2097152 op, 5200100.00 ns, 2.4796 ns/op
OverheadActual   7: 2097152 op, 5320300.00 ns, 2.5369 ns/op
OverheadActual   8: 2097152 op, 5258900.00 ns, 2.5076 ns/op
OverheadActual   9: 2097152 op, 5252700.00 ns, 2.5047 ns/op
OverheadActual  10: 2097152 op, 5282100.00 ns, 2.5187 ns/op
OverheadActual  11: 2097152 op, 5287700.00 ns, 2.5214 ns/op
OverheadActual  12: 2097152 op, 5213300.00 ns, 2.4859 ns/op
OverheadActual  13: 2097152 op, 5329800.00 ns, 2.5414 ns/op
OverheadActual  14: 2097152 op, 5401900.00 ns, 2.5758 ns/op
OverheadActual  15: 2097152 op, 5244500.00 ns, 2.5008 ns/op

WorkloadWarmup   1: 2097152 op, 554603300.00 ns, 264.4555 ns/op
WorkloadWarmup   2: 2097152 op, 564610800.00 ns, 269.2274 ns/op
WorkloadWarmup   3: 2097152 op, 570522600.00 ns, 272.0464 ns/op
WorkloadWarmup   4: 2097152 op, 592461600.00 ns, 282.5077 ns/op
WorkloadWarmup   5: 2097152 op, 560238000.00 ns, 267.1423 ns/op
WorkloadWarmup   6: 2097152 op, 576391400.00 ns, 274.8448 ns/op
WorkloadWarmup   7: 2097152 op, 567517500.00 ns, 270.6134 ns/op

// BeforeActualRun
WorkloadActual   1: 2097152 op, 554327300.00 ns, 264.3239 ns/op
WorkloadActual   2: 2097152 op, 564429100.00 ns, 269.1408 ns/op
WorkloadActual   3: 2097152 op, 568667200.00 ns, 271.1617 ns/op
WorkloadActual   4: 2097152 op, 564281400.00 ns, 269.0703 ns/op
WorkloadActual   5: 2097152 op, 560157900.00 ns, 267.1041 ns/op
WorkloadActual   6: 2097152 op, 570016100.00 ns, 271.8049 ns/op
WorkloadActual   7: 2097152 op, 1018174800.00 ns, 485.5036 ns/op
WorkloadActual   8: 2097152 op, 678712500.00 ns, 323.6353 ns/op
WorkloadActual   9: 2097152 op, 574134000.00 ns, 273.7684 ns/op
WorkloadActual  10: 2097152 op, 564678800.00 ns, 269.2598 ns/op
WorkloadActual  11: 2097152 op, 592271600.00 ns, 282.4171 ns/op
WorkloadActual  12: 2097152 op, 563237000.00 ns, 268.5723 ns/op
WorkloadActual  13: 2097152 op, 588883400.00 ns, 280.8015 ns/op
WorkloadActual  14: 2097152 op, 562122200.00 ns, 268.0408 ns/op
WorkloadActual  15: 2097152 op, 585244700.00 ns, 279.0664 ns/op
WorkloadActual  16: 2097152 op, 567385500.00 ns, 270.5505 ns/op
WorkloadActual  17: 2097152 op, 573927800.00 ns, 273.6701 ns/op
WorkloadActual  18: 2097152 op, 569571600.00 ns, 271.5929 ns/op

// AfterActualRun
WorkloadResult   1: 2097152 op, 549039600.00 ns, 261.8025 ns/op
WorkloadResult   2: 2097152 op, 559141400.00 ns, 266.6194 ns/op
WorkloadResult   3: 2097152 op, 563379500.00 ns, 268.6403 ns/op
WorkloadResult   4: 2097152 op, 558993700.00 ns, 266.5490 ns/op
WorkloadResult   5: 2097152 op, 554870200.00 ns, 264.5827 ns/op
WorkloadResult   6: 2097152 op, 564728400.00 ns, 269.2835 ns/op
WorkloadResult   7: 2097152 op, 568846300.00 ns, 271.2471 ns/op
WorkloadResult   8: 2097152 op, 559391100.00 ns, 266.7385 ns/op
WorkloadResult   9: 2097152 op, 586983900.00 ns, 279.8957 ns/op
WorkloadResult  10: 2097152 op, 557949300.00 ns, 266.0510 ns/op
WorkloadResult  11: 2097152 op, 583595700.00 ns, 278.2801 ns/op
WorkloadResult  12: 2097152 op, 556834500.00 ns, 265.5194 ns/op
WorkloadResult  13: 2097152 op, 579957000.00 ns, 276.5450 ns/op
WorkloadResult  14: 2097152 op, 562097800.00 ns, 268.0291 ns/op
WorkloadResult  15: 2097152 op, 568640100.00 ns, 271.1487 ns/op
WorkloadResult  16: 2097152 op, 564283900.00 ns, 269.0715 ns/op
// GC:  814 1 0 10217324544 2097152
// Threading:  0 0 2097152

// AfterAll
// Benchmark Process 2120 has exited with code 0.

Mean = 269.375 ns, StdErr = 1.257 ns (0.47%), N = 16, StdDev = 5.028 ns
Min = 261.802 ns, Q1 = 266.424 ns, Median = 268.335 ns, Q3 = 271.173 ns, Max = 279.896 ns
IQR = 4.749 ns, LowerFence = 259.301 ns, UpperFence = 278.297 ns
ConfidenceInterval = [264.255 ns; 274.495 ns] (CI 99.9%), Margin = 5.120 ns (1.90% of Mean)
Skewness = 0.76, Kurtosis = 2.5, MValue = 2

// ** Remained 9 (90.0٪؜) benchmark(s) to run. Estimated finish 2026-09-24 14:48 (0h 2m from now) **
Setup power plan (GUID: 8c5e7fda-e8bf-4a96-9a85-a6e23a8c635c FriendlyName: High performance)
// **************************
// Benchmark: StringBenchmark.ReportUsingStringBuilder: DefaultJob [Iterations=10]
// *** Execute ***
// Launch: 1 / 1
// Execute: dotnet Assignment4-DefaultJob-1.dll --anonymousPipes 1456 1468 --benchmarkName "Assignment4.StringBenchmark.ReportUsingStringBuilder(Iterations: 10)" --job Default --benchmarkId 1 in D:\Simulation\Assignment 4\Manar166-Assignment-4\assignment\Assignment4\Assignment4\bin\Release\net10.0\Assignment4-DefaultJob-1\bin\Release\net10.0
// BeforeAnythingElse

// Benchmark Process Environment Information:
// BenchmarkDotNet v0.15.8
// Runtime=.NET 10.0.12 (10.0.12, 10.0.1226.42308), X64 RyuJIT x86-64-v3
// GC=Concurrent Workstation
// HardwareIntrinsics=AVX2+BMI1+BMI2+F16C+FMA+LZCNT+MOVBE,AVX,SSE3+SSSE3+SSE4.1+SSE4.2+POPCNT,X86Base+SSE+SSE2,AES+PCLMUL,AvxVnni,SERIALIZE VectorSize=256
// Job: DefaultJob

OverheadJitting  1: 1 op, 172400.00 ns, 172.4000 us/op
WorkloadJitting  1: 1 op, 315100.00 ns, 315.1000 us/op

OverheadJitting  2: 16 op, 352100.00 ns, 22.0063 us/op
WorkloadJitting  2: 16 op, 348600.00 ns, 21.7875 us/op

WorkloadPilot    1: 16 op, 10000.00 ns, 625.0000 ns/op
WorkloadPilot    2: 32 op, 30200.00 ns, 943.7500 ns/op
WorkloadPilot    3: 64 op, 42400.00 ns, 662.5000 ns/op
WorkloadPilot    4: 128 op, 76800.00 ns, 600.0000 ns/op
WorkloadPilot    5: 256 op, 202900.00 ns, 792.5781 ns/op
WorkloadPilot    6: 512 op, 364600.00 ns, 712.1094 ns/op
WorkloadPilot    7: 1024 op, 999200.00 ns, 975.7813 ns/op
WorkloadPilot    8: 2048 op, 1769000.00 ns, 863.7695 ns/op
WorkloadPilot    9: 4096 op, 3793400.00 ns, 926.1230 ns/op
WorkloadPilot   10: 8192 op, 3711400.00 ns, 453.0518 ns/op
WorkloadPilot   11: 16384 op, 7129800.00 ns, 435.1685 ns/op
WorkloadPilot   12: 32768 op, 12532600.00 ns, 382.4646 ns/op
WorkloadPilot   13: 65536 op, 19843900.00 ns, 302.7939 ns/op
WorkloadPilot   14: 131072 op, 35573900.00 ns, 271.4073 ns/op
WorkloadPilot   15: 262144 op, 63428400.00 ns, 241.9601 ns/op
WorkloadPilot   16: 524288 op, 99005900.00 ns, 188.8388 ns/op
WorkloadPilot   17: 1048576 op, 212665500.00 ns, 202.8136 ns/op
WorkloadPilot   18: 2097152 op, 443878600.00 ns, 211.6578 ns/op
WorkloadPilot   19: 4194304 op, 786501900.00 ns, 187.5167 ns/op

OverheadWarmup   1: 4194304 op, 10881100.00 ns, 2.5943 ns/op
OverheadWarmup   2: 4194304 op, 10842500.00 ns, 2.5851 ns/op
OverheadWarmup   3: 4194304 op, 10861800.00 ns, 2.5897 ns/op
OverheadWarmup   4: 4194304 op, 10451100.00 ns, 2.4917 ns/op
OverheadWarmup   5: 4194304 op, 10594100.00 ns, 2.5258 ns/op
OverheadWarmup   6: 4194304 op, 10388300.00 ns, 2.4768 ns/op

OverheadActual   1: 4194304 op, 12608200.00 ns, 3.0060 ns/op
OverheadActual   2: 4194304 op, 11458200.00 ns, 2.7318 ns/op
OverheadActual   3: 4194304 op, 10961400.00 ns, 2.6134 ns/op
OverheadActual   4: 4194304 op, 10489900.00 ns, 2.5010 ns/op
OverheadActual   5: 4194304 op, 10433000.00 ns, 2.4874 ns/op
OverheadActual   6: 4194304 op, 10467700.00 ns, 2.4957 ns/op
OverheadActual   7: 4194304 op, 10424300.00 ns, 2.4853 ns/op
OverheadActual   8: 4194304 op, 10532600.00 ns, 2.5112 ns/op
OverheadActual   9: 4194304 op, 10408100.00 ns, 2.4815 ns/op
OverheadActual  10: 4194304 op, 10526600.00 ns, 2.5097 ns/op
OverheadActual  11: 4194304 op, 10410200.00 ns, 2.4820 ns/op
OverheadActual  12: 4194304 op, 10560900.00 ns, 2.5179 ns/op
OverheadActual  13: 4194304 op, 10288500.00 ns, 2.4530 ns/op
OverheadActual  14: 4194304 op, 10394100.00 ns, 2.4781 ns/op
OverheadActual  15: 4194304 op, 10481300.00 ns, 2.4989 ns/op

WorkloadWarmup   1: 4194304 op, 785839100.00 ns, 187.3586 ns/op
WorkloadWarmup   2: 4194304 op, 1302523200.00 ns, 310.5457 ns/op
WorkloadWarmup   3: 4194304 op, 1301979700.00 ns, 310.4162 ns/op
WorkloadWarmup   4: 4194304 op, 1448773800.00 ns, 345.4146 ns/op
WorkloadWarmup   5: 4194304 op, 1366020200.00 ns, 325.6846 ns/op
WorkloadWarmup   6: 4194304 op, 1326961200.00 ns, 316.3722 ns/op

// BeforeActualRun
WorkloadActual   1: 4194304 op, 1474310800.00 ns, 351.5031 ns/op
WorkloadActual   2: 4194304 op, 1264762500.00 ns, 301.5429 ns/op
WorkloadActual   3: 4194304 op, 1393191400.00 ns, 332.1627 ns/op
WorkloadActual   4: 4194304 op, 1673260700.00 ns, 398.9364 ns/op
WorkloadActual   5: 4194304 op, 1681180600.00 ns, 400.8247 ns/op
WorkloadActual   6: 4194304 op, 1647297100.00 ns, 392.7462 ns/op
WorkloadActual   7: 4194304 op, 1371388400.00 ns, 326.9645 ns/op
WorkloadActual   8: 4194304 op, 1321711400.00 ns, 315.1206 ns/op
WorkloadActual   9: 4194304 op, 1451125000.00 ns, 345.9752 ns/op
WorkloadActual  10: 4194304 op, 1576917300.00 ns, 375.9664 ns/op
WorkloadActual  11: 4194304 op, 868479100.00 ns, 207.0616 ns/op
WorkloadActual  12: 4194304 op, 780285500.00 ns, 186.0346 ns/op
WorkloadActual  13: 4194304 op, 772827900.00 ns, 184.2565 ns/op
WorkloadActual  14: 4194304 op, 779410000.00 ns, 185.8258 ns/op
WorkloadActual  15: 4194304 op, 762986700.00 ns, 181.9102 ns/op
WorkloadActual  16: 4194304 op, 763320100.00 ns, 181.9897 ns/op
WorkloadActual  17: 4194304 op, 771084400.00 ns, 183.8408 ns/op
WorkloadActual  18: 4194304 op, 767826000.00 ns, 183.0640 ns/op
WorkloadActual  19: 4194304 op, 772051200.00 ns, 184.0714 ns/op
WorkloadActual  20: 4194304 op, 775686200.00 ns, 184.9380 ns/op
WorkloadActual  21: 4194304 op, 768678800.00 ns, 183.2673 ns/op
WorkloadActual  22: 4194304 op, 769632800.00 ns, 183.4948 ns/op
WorkloadActual  23: 4194304 op, 758477000.00 ns, 180.8350 ns/op
WorkloadActual  24: 4194304 op, 764267900.00 ns, 182.2157 ns/op
WorkloadActual  25: 4194304 op, 766003600.00 ns, 182.6295 ns/op
WorkloadActual  26: 4194304 op, 759002500.00 ns, 180.9603 ns/op
WorkloadActual  27: 4194304 op, 763542800.00 ns, 182.0428 ns/op
WorkloadActual  28: 4194304 op, 756205500.00 ns, 180.2934 ns/op
WorkloadActual  29: 4194304 op, 756087200.00 ns, 180.2652 ns/op
WorkloadActual  30: 4194304 op, 760640900.00 ns, 181.3509 ns/op
WorkloadActual  31: 4194304 op, 763993000.00 ns, 182.1501 ns/op
WorkloadActual  32: 4194304 op, 757303700.00 ns, 180.5553 ns/op
WorkloadActual  33: 4194304 op, 816698900.00 ns, 194.7162 ns/op
WorkloadActual  34: 4194304 op, 760740200.00 ns, 181.3746 ns/op
WorkloadActual  35: 4194304 op, 774255200.00 ns, 184.5968 ns/op
WorkloadActual  36: 4194304 op, 764052200.00 ns, 182.1642 ns/op
WorkloadActual  37: 4194304 op, 769182200.00 ns, 183.3873 ns/op
WorkloadActual  38: 4194304 op, 765973100.00 ns, 182.6222 ns/op
WorkloadActual  39: 4194304 op, 764674600.00 ns, 182.3126 ns/op
WorkloadActual  40: 4194304 op, 761745000.00 ns, 181.6142 ns/op
WorkloadActual  41: 4194304 op, 761506700.00 ns, 181.5573 ns/op

// AfterActualRun
WorkloadResult   1: 4194304 op, 857997800.00 ns, 204.5626 ns/op
WorkloadResult   2: 4194304 op, 769804200.00 ns, 183.5356 ns/op
WorkloadResult   3: 4194304 op, 762346600.00 ns, 181.7576 ns/op
WorkloadResult   4: 4194304 op, 768928700.00 ns, 183.3269 ns/op
WorkloadResult   5: 4194304 op, 752505400.00 ns, 179.4113 ns/op
WorkloadResult   6: 4194304 op, 752838800.00 ns, 179.4908 ns/op
WorkloadResult   7: 4194304 op, 760603100.00 ns, 181.3419 ns/op
WorkloadResult   8: 4194304 op, 757344700.00 ns, 180.5650 ns/op
WorkloadResult   9: 4194304 op, 761569900.00 ns, 181.5724 ns/op
WorkloadResult  10: 4194304 op, 765204900.00 ns, 182.4391 ns/op
WorkloadResult  11: 4194304 op, 758197500.00 ns, 180.7684 ns/op
WorkloadResult  12: 4194304 op, 759151500.00 ns, 180.9958 ns/op
WorkloadResult  13: 4194304 op, 747995700.00 ns, 178.3361 ns/op
WorkloadResult  14: 4194304 op, 753786600.00 ns, 179.7167 ns/op
WorkloadResult  15: 4194304 op, 755522300.00 ns, 180.1306 ns/op
WorkloadResult  16: 4194304 op, 748521200.00 ns, 178.4614 ns/op
WorkloadResult  17: 4194304 op, 753061500.00 ns, 179.5439 ns/op
WorkloadResult  18: 4194304 op, 745724200.00 ns, 177.7945 ns/op
WorkloadResult  19: 4194304 op, 745605900.00 ns, 177.7663 ns/op
WorkloadResult  20: 4194304 op, 750159600.00 ns, 178.8520 ns/op
WorkloadResult  21: 4194304 op, 753511700.00 ns, 179.6512 ns/op
WorkloadResult  22: 4194304 op, 746822400.00 ns, 178.0563 ns/op
WorkloadResult  23: 4194304 op, 806217600.00 ns, 192.2173 ns/op
WorkloadResult  24: 4194304 op, 750258900.00 ns, 178.8757 ns/op
WorkloadResult  25: 4194304 op, 763773900.00 ns, 182.0979 ns/op
WorkloadResult  26: 4194304 op, 753570900.00 ns, 179.6653 ns/op
WorkloadResult  27: 4194304 op, 758700900.00 ns, 180.8884 ns/op
WorkloadResult  28: 4194304 op, 755491800.00 ns, 180.1233 ns/op
WorkloadResult  29: 4194304 op, 754193300.00 ns, 179.8137 ns/op
WorkloadResult  30: 4194304 op, 751263700.00 ns, 179.1152 ns/op
WorkloadResult  31: 4194304 op, 751025400.00 ns, 179.0584 ns/op
// GC:  904 3 0 11341398016 4194304
// Threading:  0 0 4194304

// AfterAll
// Benchmark Process 8172 has exited with code 0.

Mean = 181.288 ns, StdErr = 0.910 ns (0.50%), N = 31, StdDev = 5.064 ns
Min = 177.766 ns, Q1 = 179.087 ns, Median = 179.814 ns, Q3 = 181.457 ns, Max = 204.563 ns
IQR = 2.370 ns, LowerFence = 175.531 ns, UpperFence = 185.013 ns
ConfidenceInterval = [177.972 ns; 184.604 ns] (CI 99.9%), Margin = 3.316 ns (1.83% of Mean)
Skewness = 3.4, Kurtosis = 15.13, MValue = 2

// ** Remained 8 (80.0٪؜) benchmark(s) to run. Estimated finish 2026-09-24 14:51 (0h 4m from now) **
Setup power plan (GUID: 8c5e7fda-e8bf-4a96-9a85-a6e23a8c635c FriendlyName: High performance)
// **************************
// Benchmark: StringBenchmark.BuildScheduleReport: DefaultJob [Iterations=100]
// *** Execute ***
// Launch: 1 / 1
// Execute: dotnet Assignment4-DefaultJob-1.dll --anonymousPipes 952 1528 --benchmarkName "Assignment4.StringBenchmark.BuildScheduleReport(Iterations: 100)" --job Default --benchmarkId 2 in D:\Simulation\Assignment 4\Manar166-Assignment-4\assignment\Assignment4\Assignment4\bin\Release\net10.0\Assignment4-DefaultJob-1\bin\Release\net10.0
// BeforeAnythingElse

// Benchmark Process Environment Information:
// BenchmarkDotNet v0.15.8
// Runtime=.NET 10.0.12 (10.0.12, 10.0.1226.42308), X64 RyuJIT x86-64-v3
// GC=Concurrent Workstation
// HardwareIntrinsics=AVX2+BMI1+BMI2+F16C+FMA+LZCNT+MOVBE,AVX,SSE3+SSSE3+SSE4.1+SSE4.2+POPCNT,X86Base+SSE+SSE2,AES+PCLMUL,AvxVnni,SERIALIZE VectorSize=256
// Job: DefaultJob

OverheadJitting  1: 1 op, 159500.00 ns, 159.5000 us/op
WorkloadJitting  1: 1 op, 420600.00 ns, 420.6000 us/op

OverheadJitting  2: 16 op, 325500.00 ns, 20.3438 us/op
WorkloadJitting  2: 16 op, 2505200.00 ns, 156.5750 us/op

WorkloadPilot    1: 16 op, 1418100.00 ns, 88.6313 us/op
WorkloadPilot    2: 32 op, 3220600.00 ns, 100.6438 us/op
WorkloadPilot    3: 64 op, 2571700.00 ns, 40.1828 us/op
WorkloadPilot    4: 128 op, 2680300.00 ns, 20.9398 us/op
WorkloadPilot    5: 256 op, 5257700.00 ns, 20.5379 us/op
WorkloadPilot    6: 512 op, 9586400.00 ns, 18.7234 us/op
WorkloadPilot    7: 1024 op, 18304100.00 ns, 17.8751 us/op
WorkloadPilot    8: 2048 op, 34452700.00 ns, 16.8226 us/op
WorkloadPilot    9: 4096 op, 77335400.00 ns, 18.8807 us/op
WorkloadPilot   10: 8192 op, 183327200.00 ns, 22.3788 us/op
WorkloadPilot   11: 16384 op, 343545200.00 ns, 20.9683 us/op
WorkloadPilot   12: 32768 op, 681376400.00 ns, 20.7940 us/op

OverheadWarmup   1: 32768 op, 87700.00 ns, 2.6764 ns/op
OverheadWarmup   2: 32768 op, 86600.00 ns, 2.6428 ns/op
OverheadWarmup   3: 32768 op, 88700.00 ns, 2.7069 ns/op
OverheadWarmup   4: 32768 op, 84900.00 ns, 2.5909 ns/op
OverheadWarmup   5: 32768 op, 83700.00 ns, 2.5543 ns/op
OverheadWarmup   6: 32768 op, 85700.00 ns, 2.6154 ns/op
OverheadWarmup   7: 32768 op, 86300.00 ns, 2.6337 ns/op
OverheadWarmup   8: 32768 op, 85600.00 ns, 2.6123 ns/op

OverheadActual   1: 32768 op, 121100.00 ns, 3.6957 ns/op
OverheadActual   2: 32768 op, 82200.00 ns, 2.5085 ns/op
OverheadActual   3: 32768 op, 90500.00 ns, 2.7618 ns/op
OverheadActual   4: 32768 op, 90900.00 ns, 2.7740 ns/op
OverheadActual   5: 32768 op, 85700.00 ns, 2.6154 ns/op
OverheadActual   6: 32768 op, 87300.00 ns, 2.6642 ns/op
OverheadActual   7: 32768 op, 90700.00 ns, 2.7679 ns/op
OverheadActual   8: 32768 op, 85600.00 ns, 2.6123 ns/op
OverheadActual   9: 32768 op, 85900.00 ns, 2.6215 ns/op
OverheadActual  10: 32768 op, 85600.00 ns, 2.6123 ns/op
OverheadActual  11: 32768 op, 89000.00 ns, 2.7161 ns/op
OverheadActual  12: 32768 op, 85200.00 ns, 2.6001 ns/op
OverheadActual  13: 32768 op, 84400.00 ns, 2.5757 ns/op
OverheadActual  14: 32768 op, 84800.00 ns, 2.5879 ns/op
OverheadActual  15: 32768 op, 89300.00 ns, 2.7252 ns/op

WorkloadWarmup   1: 32768 op, 690990600.00 ns, 21.0874 us/op
WorkloadWarmup   2: 32768 op, 698695100.00 ns, 21.3225 us/op
WorkloadWarmup   3: 32768 op, 692637400.00 ns, 21.1376 us/op
WorkloadWarmup   4: 32768 op, 686434500.00 ns, 20.9483 us/op
WorkloadWarmup   5: 32768 op, 692745800.00 ns, 21.1409 us/op
WorkloadWarmup   6: 32768 op, 691743900.00 ns, 21.1103 us/op

// BeforeActualRun
WorkloadActual   1: 32768 op, 693797100.00 ns, 21.1730 us/op
WorkloadActual   2: 32768 op, 748982700.00 ns, 22.8571 us/op
WorkloadActual   3: 32768 op, 738417600.00 ns, 22.5347 us/op
WorkloadActual   4: 32768 op, 743719200.00 ns, 22.6965 us/op
WorkloadActual   5: 32768 op, 742942900.00 ns, 22.6728 us/op
WorkloadActual   6: 32768 op, 752188700.00 ns, 22.9550 us/op
WorkloadActual   7: 32768 op, 750310400.00 ns, 22.8977 us/op
WorkloadActual   8: 32768 op, 759434200.00 ns, 23.1761 us/op
WorkloadActual   9: 32768 op, 749890700.00 ns, 22.8848 us/op
WorkloadActual  10: 32768 op, 746975500.00 ns, 22.7959 us/op
WorkloadActual  11: 32768 op, 740911200.00 ns, 22.6108 us/op
WorkloadActual  12: 32768 op, 738929100.00 ns, 22.5503 us/op
WorkloadActual  13: 32768 op, 740030300.00 ns, 22.5839 us/op
WorkloadActual  14: 32768 op, 733266600.00 ns, 22.3775 us/op
WorkloadActual  15: 32768 op, 735456700.00 ns, 22.4444 us/op
WorkloadActual  16: 32768 op, 730020500.00 ns, 22.2785 us/op
WorkloadActual  17: 32768 op, 738616400.00 ns, 22.5408 us/op

// AfterActualRun
WorkloadResult   1: 32768 op, 693711200.00 ns, 21.1704 us/op
WorkloadResult   2: 32768 op, 748896800.00 ns, 22.8545 us/op
WorkloadResult   3: 32768 op, 738331700.00 ns, 22.5321 us/op
WorkloadResult   4: 32768 op, 743633300.00 ns, 22.6939 us/op
WorkloadResult   5: 32768 op, 742857000.00 ns, 22.6702 us/op
WorkloadResult   6: 32768 op, 752102800.00 ns, 22.9524 us/op
WorkloadResult   7: 32768 op, 750224500.00 ns, 22.8950 us/op
WorkloadResult   8: 32768 op, 759348300.00 ns, 23.1735 us/op
WorkloadResult   9: 32768 op, 749804800.00 ns, 22.8822 us/op
WorkloadResult  10: 32768 op, 746889600.00 ns, 22.7933 us/op
WorkloadResult  11: 32768 op, 740825300.00 ns, 22.6082 us/op
WorkloadResult  12: 32768 op, 738843200.00 ns, 22.5477 us/op
WorkloadResult  13: 32768 op, 739944400.00 ns, 22.5813 us/op
WorkloadResult  14: 32768 op, 733180700.00 ns, 22.3749 us/op
WorkloadResult  15: 32768 op, 735370800.00 ns, 22.4417 us/op
WorkloadResult  16: 32768 op, 729934600.00 ns, 22.2758 us/op
WorkloadResult  17: 32768 op, 738530500.00 ns, 22.5382 us/op
// GC:  1141 26 0 14309392384 32768
// Threading:  0 0 32768

// AfterAll
// Benchmark Process 19016 has exited with code 0.

Mean = 22.587 μs, StdErr = 0.104 μs (0.46%), N = 17, StdDev = 0.431 μs
Min = 21.170 μs, Q1 = 22.532 μs, Median = 22.608 μs, Q3 = 22.855 μs, Max = 23.173 μs
IQR = 0.322 μs, LowerFence = 22.048 μs, UpperFence = 23.338 μs
ConfidenceInterval = [22.168 μs; 23.007 μs] (CI 99.9%), Margin = 0.419 μs (1.86% of Mean)
Skewness = -1.88, Kurtosis = 7.18, MValue = 2

// ** Remained 7 (70.0٪؜) benchmark(s) to run. Estimated finish 2026-09-24 14:50 (0h 3m from now) **
Setup power plan (GUID: 8c5e7fda-e8bf-4a96-9a85-a6e23a8c635c FriendlyName: High performance)
// **************************
// Benchmark: StringBenchmark.ReportUsingStringBuilder: DefaultJob [Iterations=100]
// *** Execute ***
// Launch: 1 / 1
// Execute: dotnet Assignment4-DefaultJob-1.dll --anonymousPipes 1592 1460 --benchmarkName "Assignment4.StringBenchmark.ReportUsingStringBuilder(Iterations: 100)" --job Default --benchmarkId 3 in D:\Simulation\Assignment 4\Manar166-Assignment-4\assignment\Assignment4\Assignment4\bin\Release\net10.0\Assignment4-DefaultJob-1\bin\Release\net10.0
// BeforeAnythingElse

// Benchmark Process Environment Information:
// BenchmarkDotNet v0.15.8
// Runtime=.NET 10.0.12 (10.0.12, 10.0.1226.42308), X64 RyuJIT x86-64-v3
// GC=Concurrent Workstation
// HardwareIntrinsics=AVX2+BMI1+BMI2+F16C+FMA+LZCNT+MOVBE,AVX,SSE3+SSSE3+SSE4.1+SSE4.2+POPCNT,X86Base+SSE+SSE2,AES+PCLMUL,AvxVnni,SERIALIZE VectorSize=256
// Job: DefaultJob

OverheadJitting  1: 1 op, 165500.00 ns, 165.5000 us/op
WorkloadJitting  1: 1 op, 303700.00 ns, 303.7000 us/op

OverheadJitting  2: 16 op, 312600.00 ns, 19.5375 us/op
WorkloadJitting  2: 16 op, 473200.00 ns, 29.5750 us/op

WorkloadPilot    1: 16 op, 74100.00 ns, 4.6313 us/op
WorkloadPilot    2: 32 op, 160100.00 ns, 5.0031 us/op
WorkloadPilot    3: 64 op, 449500.00 ns, 7.0234 us/op
WorkloadPilot    4: 128 op, 795000.00 ns, 6.2109 us/op
WorkloadPilot    5: 256 op, 1556200.00 ns, 6.0789 us/op
WorkloadPilot    6: 512 op, 2696700.00 ns, 5.2670 us/op
WorkloadPilot    7: 1024 op, 3611100.00 ns, 3.5265 us/op
WorkloadPilot    8: 2048 op, 3700900.00 ns, 1.8071 us/op
WorkloadPilot    9: 4096 op, 6610700.00 ns, 1.6139 us/op
WorkloadPilot   10: 8192 op, 12644300.00 ns, 1.5435 us/op
WorkloadPilot   11: 16384 op, 24796400.00 ns, 1.5135 us/op
WorkloadPilot   12: 32768 op, 47731900.00 ns, 1.4567 us/op
WorkloadPilot   13: 65536 op, 127103300.00 ns, 1.9394 us/op
WorkloadPilot   14: 131072 op, 116663700.00 ns, 890.0734 ns/op
WorkloadPilot   15: 262144 op, 229756100.00 ns, 876.4500 ns/op
WorkloadPilot   16: 524288 op, 449902600.00 ns, 858.1211 ns/op
WorkloadPilot   17: 1048576 op, 977632800.00 ns, 932.3433 ns/op

OverheadWarmup   1: 1048576 op, 2737300.00 ns, 2.6105 ns/op
OverheadWarmup   2: 1048576 op, 2611300.00 ns, 2.4903 ns/op
OverheadWarmup   3: 1048576 op, 2732500.00 ns, 2.6059 ns/op
OverheadWarmup   4: 1048576 op, 2555800.00 ns, 2.4374 ns/op
OverheadWarmup   5: 1048576 op, 2741100.00 ns, 2.6141 ns/op
OverheadWarmup   6: 1048576 op, 2637600.00 ns, 2.5154 ns/op

OverheadActual   1: 1048576 op, 2699900.00 ns, 2.5748 ns/op
OverheadActual   2: 1048576 op, 2581200.00 ns, 2.4616 ns/op
OverheadActual   3: 1048576 op, 2607700.00 ns, 2.4869 ns/op
OverheadActual   4: 1048576 op, 2619300.00 ns, 2.4980 ns/op
OverheadActual   5: 1048576 op, 2627900.00 ns, 2.5062 ns/op
OverheadActual   6: 1048576 op, 2640000.00 ns, 2.5177 ns/op
OverheadActual   7: 1048576 op, 2672800.00 ns, 2.5490 ns/op
OverheadActual   8: 1048576 op, 2710200.00 ns, 2.5846 ns/op
OverheadActual   9: 1048576 op, 2643600.00 ns, 2.5211 ns/op
OverheadActual  10: 1048576 op, 2632000.00 ns, 2.5101 ns/op
OverheadActual  11: 1048576 op, 2565900.00 ns, 2.4470 ns/op
OverheadActual  12: 1048576 op, 2647500.00 ns, 2.5249 ns/op
OverheadActual  13: 1048576 op, 2630500.00 ns, 2.5086 ns/op
OverheadActual  14: 1048576 op, 2633000.00 ns, 2.5110 ns/op
OverheadActual  15: 1048576 op, 2720400.00 ns, 2.5944 ns/op

WorkloadWarmup   1: 1048576 op, 902820200.00 ns, 860.9964 ns/op
WorkloadWarmup   2: 1048576 op, 915442500.00 ns, 873.0340 ns/op
WorkloadWarmup   3: 1048576 op, 915294400.00 ns, 872.8928 ns/op
WorkloadWarmup   4: 1048576 op, 910585000.00 ns, 868.4015 ns/op
WorkloadWarmup   5: 1048576 op, 923051000.00 ns, 880.2900 ns/op
WorkloadWarmup   6: 1048576 op, 913089600.00 ns, 870.7901 ns/op

// BeforeActualRun
WorkloadActual   1: 1048576 op, 920571600.00 ns, 877.9255 ns/op
WorkloadActual   2: 1048576 op, 975232900.00 ns, 930.0546 ns/op
WorkloadActual   3: 1048576 op, 981102000.00 ns, 935.6518 ns/op
WorkloadActual   4: 1048576 op, 974489900.00 ns, 929.3460 ns/op
WorkloadActual   5: 1048576 op, 968297400.00 ns, 923.4404 ns/op
WorkloadActual   6: 1048576 op, 972254800.00 ns, 927.2144 ns/op
WorkloadActual   7: 1048576 op, 960180800.00 ns, 915.6998 ns/op
WorkloadActual   8: 1048576 op, 969446000.00 ns, 924.5358 ns/op
WorkloadActual   9: 1048576 op, 972565600.00 ns, 927.5108 ns/op
WorkloadActual  10: 1048576 op, 968940500.00 ns, 924.0537 ns/op
WorkloadActual  11: 1048576 op, 981391900.00 ns, 935.9282 ns/op
WorkloadActual  12: 1048576 op, 983861700.00 ns, 938.2836 ns/op
WorkloadActual  13: 1048576 op, 986197300.00 ns, 940.5110 ns/op
WorkloadActual  14: 1048576 op, 994596000.00 ns, 948.5207 ns/op
WorkloadActual  15: 1048576 op, 984448100.00 ns, 938.8429 ns/op

// AfterActualRun
WorkloadResult   1: 1048576 op, 917938600.00 ns, 875.4145 ns/op
WorkloadResult   2: 1048576 op, 972599900.00 ns, 927.5435 ns/op
WorkloadResult   3: 1048576 op, 978469000.00 ns, 933.1408 ns/op
WorkloadResult   4: 1048576 op, 971856900.00 ns, 926.8350 ns/op
WorkloadResult   5: 1048576 op, 965664400.00 ns, 920.9293 ns/op
WorkloadResult   6: 1048576 op, 969621800.00 ns, 924.7034 ns/op
WorkloadResult   7: 1048576 op, 957547800.00 ns, 913.1887 ns/op
WorkloadResult   8: 1048576 op, 966813000.00 ns, 922.0247 ns/op
WorkloadResult   9: 1048576 op, 969932600.00 ns, 924.9998 ns/op
WorkloadResult  10: 1048576 op, 966307500.00 ns, 921.5426 ns/op
WorkloadResult  11: 1048576 op, 978758900.00 ns, 933.4172 ns/op
WorkloadResult  12: 1048576 op, 981228700.00 ns, 935.7726 ns/op
WorkloadResult  13: 1048576 op, 983564300.00 ns, 938.0000 ns/op
WorkloadResult  14: 1048576 op, 991963000.00 ns, 946.0096 ns/op
WorkloadResult  15: 1048576 op, 981815100.00 ns, 936.3318 ns/op
// GC:  1696 73 0 21273509888 1048576
// Threading:  0 0 1048576

// AfterAll
// Benchmark Process 16696 has exited with code 0.

Mean = 925.324 ns, StdErr = 4.161 ns (0.45%), N = 15, StdDev = 16.116 ns
Min = 875.414 ns, Q1 = 921.784 ns, Median = 926.835 ns, Q3 = 934.595 ns, Max = 946.010 ns
IQR = 12.811 ns, LowerFence = 902.567 ns, UpperFence = 953.812 ns
ConfidenceInterval = [908.095 ns; 942.552 ns] (CI 99.9%), Margin = 17.228 ns (1.86% of Mean)
Skewness = -1.78, Kurtosis = 6.4, MValue = 2

// ** Remained 6 (60.0٪؜) benchmark(s) to run. Estimated finish 2026-09-24 14:50 (0h 2m from now) **
Setup power plan (GUID: 8c5e7fda-e8bf-4a96-9a85-a6e23a8c635c FriendlyName: High performance)
// **************************
// Benchmark: StringBenchmark.BuildScheduleReport: DefaultJob [Iterations=1000]
// *** Execute ***
// Launch: 1 / 1
// Execute: dotnet Assignment4-DefaultJob-1.dll --anonymousPipes 1528 1604 --benchmarkName "Assignment4.StringBenchmark.BuildScheduleReport(Iterations: 1000)" --job Default --benchmarkId 4 in D:\Simulation\Assignment 4\Manar166-Assignment-4\assignment\Assignment4\Assignment4\bin\Release\net10.0\Assignment4-DefaultJob-1\bin\Release\net10.0
// BeforeAnythingElse

// Benchmark Process Environment Information:
// BenchmarkDotNet v0.15.8
// Runtime=.NET 10.0.12 (10.0.12, 10.0.1226.42308), X64 RyuJIT x86-64-v3
// GC=Concurrent Workstation
// HardwareIntrinsics=AVX2+BMI1+BMI2+F16C+FMA+LZCNT+MOVBE,AVX,SSE3+SSSE3+SSE4.1+SSE4.2+POPCNT,X86Base+SSE+SSE2,AES+PCLMUL,AvxVnni,SERIALIZE VectorSize=256
// Job: DefaultJob

OverheadJitting  1: 1 op, 159600.00 ns, 159.6000 us/op
WorkloadJitting  1: 1 op, 5555200.00 ns, 5.5552 ms/op

OverheadJitting  2: 16 op, 378600.00 ns, 23.6625 us/op
WorkloadJitting  2: 16 op, 39600400.00 ns, 2.4750 ms/op

WorkloadPilot    1: 16 op, 39616200.00 ns, 2.4760 ms/op
WorkloadPilot    2: 32 op, 78829100.00 ns, 2.4634 ms/op
WorkloadPilot    3: 64 op, 145740800.00 ns, 2.2772 ms/op
WorkloadPilot    4: 128 op, 301724700.00 ns, 2.3572 ms/op
WorkloadPilot    5: 256 op, 595399100.00 ns, 2.3258 ms/op

OverheadWarmup   1: 256 op, 2600.00 ns, 10.1563 ns/op
OverheadWarmup   2: 256 op, 1200.00 ns, 4.6875 ns/op
OverheadWarmup   3: 256 op, 1200.00 ns, 4.6875 ns/op
OverheadWarmup   4: 256 op, 1100.00 ns, 4.2969 ns/op
OverheadWarmup   5: 256 op, 1100.00 ns, 4.2969 ns/op
OverheadWarmup   6: 256 op, 1200.00 ns, 4.6875 ns/op

OverheadActual   1: 256 op, 1100.00 ns, 4.2969 ns/op
OverheadActual   2: 256 op, 1100.00 ns, 4.2969 ns/op
OverheadActual   3: 256 op, 1100.00 ns, 4.2969 ns/op
OverheadActual   4: 256 op, 1200.00 ns, 4.6875 ns/op
OverheadActual   5: 256 op, 1100.00 ns, 4.2969 ns/op
OverheadActual   6: 256 op, 1200.00 ns, 4.6875 ns/op
OverheadActual   7: 256 op, 1100.00 ns, 4.2969 ns/op
OverheadActual   8: 256 op, 1100.00 ns, 4.2969 ns/op
OverheadActual   9: 256 op, 1100.00 ns, 4.2969 ns/op
OverheadActual  10: 256 op, 1100.00 ns, 4.2969 ns/op
OverheadActual  11: 256 op, 1000.00 ns, 3.9063 ns/op
OverheadActual  12: 256 op, 1000.00 ns, 3.9063 ns/op
OverheadActual  13: 256 op, 1000.00 ns, 3.9063 ns/op
OverheadActual  14: 256 op, 1100.00 ns, 4.2969 ns/op
OverheadActual  15: 256 op, 1000.00 ns, 3.9063 ns/op
OverheadActual  16: 256 op, 1100.00 ns, 4.2969 ns/op

WorkloadWarmup   1: 256 op, 570941600.00 ns, 2.2302 ms/op
WorkloadWarmup   2: 256 op, 616992200.00 ns, 2.4101 ms/op
WorkloadWarmup   3: 256 op, 610008500.00 ns, 2.3828 ms/op
WorkloadWarmup   4: 256 op, 607357300.00 ns, 2.3725 ms/op
WorkloadWarmup   5: 256 op, 607474000.00 ns, 2.3729 ms/op
WorkloadWarmup   6: 256 op, 626920200.00 ns, 2.4489 ms/op
WorkloadWarmup   7: 256 op, 605617100.00 ns, 2.3657 ms/op

// BeforeActualRun
WorkloadActual   1: 256 op, 617958400.00 ns, 2.4139 ms/op
WorkloadActual   2: 256 op, 591314700.00 ns, 2.3098 ms/op
WorkloadActual   3: 256 op, 600712200.00 ns, 2.3465 ms/op
WorkloadActual   4: 256 op, 598124000.00 ns, 2.3364 ms/op
WorkloadActual   5: 256 op, 607173000.00 ns, 2.3718 ms/op
WorkloadActual   6: 256 op, 600201000.00 ns, 2.3445 ms/op
WorkloadActual   7: 256 op, 606316400.00 ns, 2.3684 ms/op
WorkloadActual   8: 256 op, 607012700.00 ns, 2.3711 ms/op
WorkloadActual   9: 256 op, 599064900.00 ns, 2.3401 ms/op
WorkloadActual  10: 256 op, 596519600.00 ns, 2.3302 ms/op
WorkloadActual  11: 256 op, 617391800.00 ns, 2.4117 ms/op
WorkloadActual  12: 256 op, 652177700.00 ns, 2.5476 ms/op
WorkloadActual  13: 256 op, 656223600.00 ns, 2.5634 ms/op
WorkloadActual  14: 256 op, 607681800.00 ns, 2.3738 ms/op
WorkloadActual  15: 256 op, 602293900.00 ns, 2.3527 ms/op

// AfterActualRun
WorkloadResult   1: 256 op, 617957300.00 ns, 2.4139 ms/op
WorkloadResult   2: 256 op, 591313600.00 ns, 2.3098 ms/op
WorkloadResult   3: 256 op, 600711100.00 ns, 2.3465 ms/op
WorkloadResult   4: 256 op, 598122900.00 ns, 2.3364 ms/op
WorkloadResult   5: 256 op, 607171900.00 ns, 2.3718 ms/op
WorkloadResult   6: 256 op, 600199900.00 ns, 2.3445 ms/op
WorkloadResult   7: 256 op, 606315300.00 ns, 2.3684 ms/op
WorkloadResult   8: 256 op, 607011600.00 ns, 2.3711 ms/op
WorkloadResult   9: 256 op, 599063800.00 ns, 2.3401 ms/op
WorkloadResult  10: 256 op, 596518500.00 ns, 2.3302 ms/op
WorkloadResult  11: 256 op, 617390700.00 ns, 2.4117 ms/op
WorkloadResult  12: 256 op, 607680700.00 ns, 2.3738 ms/op
WorkloadResult  13: 256 op, 602292800.00 ns, 2.3527 ms/op
// GC:  928 173 83 11025407216 256
// Threading:  0 0 256

// AfterAll
// Benchmark Process 20220 has exited with code 0.

Mean = 2.359 ms, StdErr = 0.008 ms (0.35%), N = 13, StdDev = 0.030 ms
Min = 2.310 ms, Q1 = 2.340 ms, Median = 2.353 ms, Q3 = 2.372 ms, Max = 2.414 ms
IQR = 0.032 ms, LowerFence = 2.293 ms, UpperFence = 2.419 ms
ConfidenceInterval = [2.323 ms; 2.395 ms] (CI 99.9%), Margin = 0.036 ms (1.53% of Mean)
Skewness = 0.4, Kurtosis = 2.2, MValue = 2

// ** Remained 5 (50.0٪؜) benchmark(s) to run. Estimated finish 2026-09-24 14:49 (0h 2m from now) **
Setup power plan (GUID: 8c5e7fda-e8bf-4a96-9a85-a6e23a8c635c FriendlyName: High performance)
// **************************
// Benchmark: StringBenchmark.ReportUsingStringBuilder: DefaultJob [Iterations=1000]
// *** Execute ***
// Launch: 1 / 1
// Execute: dotnet Assignment4-DefaultJob-1.dll --anonymousPipes 1432 952 --benchmarkName "Assignment4.StringBenchmark.ReportUsingStringBuilder(Iterations: 1000)" --job Default --benchmarkId 5 in D:\Simulation\Assignment 4\Manar166-Assignment-4\assignment\Assignment4\Assignment4\bin\Release\net10.0\Assignment4-DefaultJob-1\bin\Release\net10.0
// BeforeAnythingElse

// Benchmark Process Environment Information:
// BenchmarkDotNet v0.15.8
// Runtime=.NET 10.0.12 (10.0.12, 10.0.1226.42308), X64 RyuJIT x86-64-v3
// GC=Concurrent Workstation
// HardwareIntrinsics=AVX2+BMI1+BMI2+F16C+FMA+LZCNT+MOVBE,AVX,SSE3+SSSE3+SSE4.1+SSE4.2+POPCNT,X86Base+SSE+SSE2,AES+PCLMUL,AvxVnni,SERIALIZE VectorSize=256
// Job: DefaultJob

OverheadJitting  1: 1 op, 161900.00 ns, 161.9000 us/op
WorkloadJitting  1: 1 op, 373900.00 ns, 373.9000 us/op

OverheadJitting  2: 16 op, 328400.00 ns, 20.5250 us/op
WorkloadJitting  2: 16 op, 2320600.00 ns, 145.0375 us/op

WorkloadPilot    1: 16 op, 943500.00 ns, 58.9688 us/op
WorkloadPilot    2: 32 op, 1939900.00 ns, 60.6219 us/op
WorkloadPilot    3: 64 op, 3743000.00 ns, 58.4844 us/op
WorkloadPilot    4: 128 op, 6544700.00 ns, 51.1305 us/op
WorkloadPilot    5: 256 op, 13443700.00 ns, 52.5145 us/op
WorkloadPilot    6: 512 op, 25640000.00 ns, 50.0781 us/op
WorkloadPilot    7: 1024 op, 50698300.00 ns, 49.5101 us/op
WorkloadPilot    8: 2048 op, 107016500.00 ns, 52.2542 us/op
WorkloadPilot    9: 4096 op, 189736200.00 ns, 46.3223 us/op
WorkloadPilot   10: 8192 op, 330387400.00 ns, 40.3305 us/op
WorkloadPilot   11: 16384 op, 644922300.00 ns, 39.3629 us/op

OverheadWarmup   1: 16384 op, 43900.00 ns, 2.6794 ns/op
OverheadWarmup   2: 16384 op, 41700.00 ns, 2.5452 ns/op
OverheadWarmup   3: 16384 op, 40600.00 ns, 2.4780 ns/op
OverheadWarmup   4: 16384 op, 41500.00 ns, 2.5330 ns/op
OverheadWarmup   5: 16384 op, 40200.00 ns, 2.4536 ns/op
OverheadWarmup   6: 16384 op, 40900.00 ns, 2.4963 ns/op
OverheadWarmup   7: 16384 op, 42000.00 ns, 2.5635 ns/op
OverheadWarmup   8: 16384 op, 41100.00 ns, 2.5085 ns/op

OverheadActual   1: 16384 op, 43700.00 ns, 2.6672 ns/op
OverheadActual   2: 16384 op, 43300.00 ns, 2.6428 ns/op
OverheadActual   3: 16384 op, 43700.00 ns, 2.6672 ns/op
OverheadActual   4: 16384 op, 42000.00 ns, 2.5635 ns/op
OverheadActual   5: 16384 op, 44000.00 ns, 2.6855 ns/op
OverheadActual   6: 16384 op, 41400.00 ns, 2.5269 ns/op
OverheadActual   7: 16384 op, 41600.00 ns, 2.5391 ns/op
OverheadActual   8: 16384 op, 42000.00 ns, 2.5635 ns/op
OverheadActual   9: 16384 op, 41800.00 ns, 2.5513 ns/op
OverheadActual  10: 16384 op, 41600.00 ns, 2.5391 ns/op
OverheadActual  11: 16384 op, 44600.00 ns, 2.7222 ns/op
OverheadActual  12: 16384 op, 44500.00 ns, 2.7161 ns/op
OverheadActual  13: 16384 op, 41700.00 ns, 2.5452 ns/op
OverheadActual  14: 16384 op, 42900.00 ns, 2.6184 ns/op
OverheadActual  15: 16384 op, 42100.00 ns, 2.5696 ns/op

WorkloadWarmup   1: 16384 op, 619825600.00 ns, 37.8312 us/op
WorkloadWarmup   2: 16384 op, 626179600.00 ns, 38.2190 us/op
WorkloadWarmup   3: 16384 op, 628597000.00 ns, 38.3665 us/op
WorkloadWarmup   4: 16384 op, 611798900.00 ns, 37.3412 us/op
WorkloadWarmup   5: 16384 op, 617005300.00 ns, 37.6590 us/op
WorkloadWarmup   6: 16384 op, 621251500.00 ns, 37.9182 us/op
WorkloadWarmup   7: 16384 op, 616867500.00 ns, 37.6506 us/op

// BeforeActualRun
WorkloadActual   1: 16384 op, 632021600.00 ns, 38.5755 us/op
WorkloadActual   2: 16384 op, 625866300.00 ns, 38.1998 us/op
WorkloadActual   3: 16384 op, 623008900.00 ns, 38.0254 us/op
WorkloadActual   4: 16384 op, 625240400.00 ns, 38.1616 us/op
WorkloadActual   5: 16384 op, 624375100.00 ns, 38.1088 us/op
WorkloadActual   6: 16384 op, 623575800.00 ns, 38.0600 us/op
WorkloadActual   7: 16384 op, 626638000.00 ns, 38.2469 us/op
WorkloadActual   8: 16384 op, 618272300.00 ns, 37.7363 us/op
WorkloadActual   9: 16384 op, 624005800.00 ns, 38.0863 us/op
WorkloadActual  10: 16384 op, 623743600.00 ns, 38.0703 us/op
WorkloadActual  11: 16384 op, 620248100.00 ns, 37.8569 us/op
WorkloadActual  12: 16384 op, 610924600.00 ns, 37.2879 us/op
WorkloadActual  13: 16384 op, 611977900.00 ns, 37.3522 us/op
WorkloadActual  14: 16384 op, 612334300.00 ns, 37.3739 us/op
WorkloadActual  15: 16384 op, 614520500.00 ns, 37.5074 us/op

// AfterActualRun
WorkloadResult   1: 16384 op, 631979500.00 ns, 38.5730 us/op
WorkloadResult   2: 16384 op, 625824200.00 ns, 38.1973 us/op
WorkloadResult   3: 16384 op, 622966800.00 ns, 38.0229 us/op
WorkloadResult   4: 16384 op, 625198300.00 ns, 38.1591 us/op
WorkloadResult   5: 16384 op, 624333000.00 ns, 38.1063 us/op
WorkloadResult   6: 16384 op, 623533700.00 ns, 38.0575 us/op
WorkloadResult   7: 16384 op, 626595900.00 ns, 38.2444 us/op
WorkloadResult   8: 16384 op, 618230200.00 ns, 37.7338 us/op
WorkloadResult   9: 16384 op, 623963700.00 ns, 38.0837 us/op
WorkloadResult  10: 16384 op, 623701500.00 ns, 38.0677 us/op
WorkloadResult  11: 16384 op, 620206000.00 ns, 37.8544 us/op
WorkloadResult  12: 16384 op, 610882500.00 ns, 37.2853 us/op
WorkloadResult  13: 16384 op, 611935800.00 ns, 37.3496 us/op
WorkloadResult  14: 16384 op, 612292200.00 ns, 37.3714 us/op
WorkloadResult  15: 16384 op, 614478400.00 ns, 37.5048 us/op
// GC:  442 442 442 2835498016 16384
// Threading:  0 0 16384

// AfterAll
// Benchmark Process 28328 has exited with code 0.

Mean = 37.907 μs, StdErr = 0.098 μs (0.26%), N = 15, StdDev = 0.380 μs
Min = 37.285 μs, Q1 = 37.619 μs, Median = 38.057 μs, Q3 = 38.133 μs, Max = 38.573 μs
IQR = 0.513 μs, LowerFence = 36.849 μs, UpperFence = 38.903 μs
ConfidenceInterval = [37.502 μs; 38.313 μs] (CI 99.9%), Margin = 0.406 μs (1.07% of Mean)
Skewness = -0.3, Kurtosis = 1.86, MValue = 2

// ** Remained 4 (40.0٪؜) benchmark(s) to run. Estimated finish 2026-09-24 14:49 (0h 1m from now) **
Setup power plan (GUID: 8c5e7fda-e8bf-4a96-9a85-a6e23a8c635c FriendlyName: High performance)
// **************************
// Benchmark: StringBenchmark.BuildScheduleReport: DefaultJob [Iterations=10000]
// *** Execute ***
// Launch: 1 / 1
// Execute: dotnet Assignment4-DefaultJob-1.dll --anonymousPipes 1656 1552 --benchmarkName "Assignment4.StringBenchmark.BuildScheduleReport(Iterations: 10000)" --job Default --benchmarkId 6 in D:\Simulation\Assignment 4\Manar166-Assignment-4\assignment\Assignment4\Assignment4\bin\Release\net10.0\Assignment4-DefaultJob-1\bin\Release\net10.0
// BeforeAnythingElse

// Benchmark Process Environment Information:
// BenchmarkDotNet v0.15.8
// Runtime=.NET 10.0.12 (10.0.12, 10.0.1226.42308), X64 RyuJIT x86-64-v3
// GC=Concurrent Workstation
// HardwareIntrinsics=AVX2+BMI1+BMI2+F16C+FMA+LZCNT+MOVBE,AVX,SSE3+SSSE3+SSE4.1+SSE4.2+POPCNT,X86Base+SSE+SSE2,AES+PCLMUL,AvxVnni,SERIALIZE VectorSize=256
// Job: DefaultJob

OverheadJitting  1: 1 op, 176100.00 ns, 176.1000 us/op
WorkloadJitting  1: 1 op, 432017400.00 ns, 432.0174 ms/op

OverheadJitting  2: 1 op, 600.00 ns, 600.0000 ns/op
WorkloadJitting  2: 1 op, 425921300.00 ns, 425.9213 ms/op

WorkloadWarmup   1: 1 op, 427473000.00 ns, 427.4730 ms/op
WorkloadWarmup   2: 1 op, 428116100.00 ns, 428.1161 ms/op
WorkloadWarmup   3: 1 op, 434046800.00 ns, 434.0468 ms/op
WorkloadWarmup   4: 1 op, 423805800.00 ns, 423.8058 ms/op
WorkloadWarmup   5: 1 op, 424737300.00 ns, 424.7373 ms/op
WorkloadWarmup   6: 1 op, 453127100.00 ns, 453.1271 ms/op
WorkloadWarmup   7: 1 op, 431874900.00 ns, 431.8749 ms/op

// BeforeActualRun
WorkloadActual   1: 1 op, 424672700.00 ns, 424.6727 ms/op
WorkloadActual   2: 1 op, 423017200.00 ns, 423.0172 ms/op
WorkloadActual   3: 1 op, 430476900.00 ns, 430.4769 ms/op
WorkloadActual   4: 1 op, 428841900.00 ns, 428.8419 ms/op
WorkloadActual   5: 1 op, 424967500.00 ns, 424.9675 ms/op
WorkloadActual   6: 1 op, 449309200.00 ns, 449.3092 ms/op
WorkloadActual   7: 1 op, 439486600.00 ns, 439.4866 ms/op
WorkloadActual   8: 1 op, 433226900.00 ns, 433.2269 ms/op
WorkloadActual   9: 1 op, 428659000.00 ns, 428.6590 ms/op
WorkloadActual  10: 1 op, 424719100.00 ns, 424.7191 ms/op
WorkloadActual  11: 1 op, 435920000.00 ns, 435.9200 ms/op
WorkloadActual  12: 1 op, 440816800.00 ns, 440.8168 ms/op
WorkloadActual  13: 1 op, 433507800.00 ns, 433.5078 ms/op
WorkloadActual  14: 1 op, 452740200.00 ns, 452.7402 ms/op
WorkloadActual  15: 1 op, 433954000.00 ns, 433.9540 ms/op
WorkloadActual  16: 1 op, 431199500.00 ns, 431.1995 ms/op
WorkloadActual  17: 1 op, 434237500.00 ns, 434.2375 ms/op

// AfterActualRun
WorkloadResult   1: 1 op, 424672700.00 ns, 424.6727 ms/op
WorkloadResult   2: 1 op, 423017200.00 ns, 423.0172 ms/op
WorkloadResult   3: 1 op, 430476900.00 ns, 430.4769 ms/op
WorkloadResult   4: 1 op, 428841900.00 ns, 428.8419 ms/op
WorkloadResult   5: 1 op, 424967500.00 ns, 424.9675 ms/op
WorkloadResult   6: 1 op, 439486600.00 ns, 439.4866 ms/op
WorkloadResult   7: 1 op, 433226900.00 ns, 433.2269 ms/op
WorkloadResult   8: 1 op, 428659000.00 ns, 428.6590 ms/op
WorkloadResult   9: 1 op, 424719100.00 ns, 424.7191 ms/op
WorkloadResult  10: 1 op, 435920000.00 ns, 435.9200 ms/op
WorkloadResult  11: 1 op, 440816800.00 ns, 440.8168 ms/op
WorkloadResult  12: 1 op, 433507800.00 ns, 433.5078 ms/op
WorkloadResult  13: 1 op, 433954000.00 ns, 433.9540 ms/op
WorkloadResult  14: 1 op, 431199500.00 ns, 431.1995 ms/op
WorkloadResult  15: 1 op, 434237500.00 ns, 434.2375 ms/op
// GC:  1064 1061 1061 4301020160 1
// Threading:  0 0 1

// AfterAll
// Benchmark Process 16116 has exited with code 0.

Mean = 431.180 ms, StdErr = 1.402 ms (0.33%), N = 15, StdDev = 5.429 ms
Min = 423.017 ms, Q1 = 426.813 ms, Median = 431.200 ms, Q3 = 434.096 ms, Max = 440.817 ms
IQR = 7.282 ms, LowerFence = 415.889 ms, UpperFence = 445.019 ms
ConfidenceInterval = [425.376 ms; 436.984 ms] (CI 99.9%), Margin = 5.804 ms (1.35% of Mean)
Skewness = 0.12, Kurtosis = 1.81, MValue = 2

// ** Remained 3 (30.0٪؜) benchmark(s) to run. Estimated finish 2026-09-24 14:49 (0h 1m from now) **
Setup power plan (GUID: 8c5e7fda-e8bf-4a96-9a85-a6e23a8c635c FriendlyName: High performance)
// **************************
// Benchmark: StringBenchmark.ReportUsingStringBuilder: DefaultJob [Iterations=10000]
// *** Execute ***
// Launch: 1 / 1
// Execute: dotnet Assignment4-DefaultJob-1.dll --anonymousPipes 1604 1600 --benchmarkName "Assignment4.StringBenchmark.ReportUsingStringBuilder(Iterations: 10000)" --job Default --benchmarkId 7 in D:\Simulation\Assignment 4\Manar166-Assignment-4\assignment\Assignment4\Assignment4\bin\Release\net10.0\Assignment4-DefaultJob-1\bin\Release\net10.0
// BeforeAnythingElse

// Benchmark Process Environment Information:
// BenchmarkDotNet v0.15.8
// Runtime=.NET 10.0.12 (10.0.12, 10.0.1226.42308), X64 RyuJIT x86-64-v3
// GC=Concurrent Workstation
// HardwareIntrinsics=AVX2+BMI1+BMI2+F16C+FMA+LZCNT+MOVBE,AVX,SSE3+SSSE3+SSE4.1+SSE4.2+POPCNT,X86Base+SSE+SSE2,AES+PCLMUL,AvxVnni,SERIALIZE VectorSize=256
// Job: DefaultJob

OverheadJitting  1: 1 op, 173800.00 ns, 173.8000 us/op
WorkloadJitting  1: 1 op, 1540500.00 ns, 1.5405 ms/op

OverheadJitting  2: 16 op, 327100.00 ns, 20.4438 us/op
WorkloadJitting  2: 16 op, 8193600.00 ns, 512.1000 us/op

WorkloadPilot    1: 16 op, 7876900.00 ns, 492.3063 us/op
WorkloadPilot    2: 32 op, 14022600.00 ns, 438.2063 us/op
WorkloadPilot    3: 64 op, 27542100.00 ns, 430.3453 us/op
WorkloadPilot    4: 128 op, 55457600.00 ns, 433.2625 us/op
WorkloadPilot    5: 256 op, 110100300.00 ns, 430.0793 us/op
WorkloadPilot    6: 512 op, 214705600.00 ns, 419.3469 us/op
WorkloadPilot    7: 1024 op, 395634100.00 ns, 386.3614 us/op
WorkloadPilot    8: 2048 op, 782686900.00 ns, 382.1713 us/op

OverheadWarmup   1: 2048 op, 7600.00 ns, 3.7109 ns/op
OverheadWarmup   2: 2048 op, 5700.00 ns, 2.7832 ns/op
OverheadWarmup   3: 2048 op, 5800.00 ns, 2.8320 ns/op
OverheadWarmup   4: 2048 op, 5900.00 ns, 2.8809 ns/op
OverheadWarmup   5: 2048 op, 5800.00 ns, 2.8320 ns/op
OverheadWarmup   6: 2048 op, 5800.00 ns, 2.8320 ns/op
OverheadWarmup   7: 2048 op, 5900.00 ns, 2.8809 ns/op

OverheadActual   1: 2048 op, 6100.00 ns, 2.9785 ns/op
OverheadActual   2: 2048 op, 5900.00 ns, 2.8809 ns/op
OverheadActual   3: 2048 op, 5900.00 ns, 2.8809 ns/op
OverheadActual   4: 2048 op, 5900.00 ns, 2.8809 ns/op
OverheadActual   5: 2048 op, 5800.00 ns, 2.8320 ns/op
OverheadActual   6: 2048 op, 5700.00 ns, 2.7832 ns/op
OverheadActual   7: 2048 op, 5900.00 ns, 2.8809 ns/op
OverheadActual   8: 2048 op, 5700.00 ns, 2.7832 ns/op
OverheadActual   9: 2048 op, 5700.00 ns, 2.7832 ns/op
OverheadActual  10: 2048 op, 5900.00 ns, 2.8809 ns/op
OverheadActual  11: 2048 op, 5800.00 ns, 2.8320 ns/op
OverheadActual  12: 2048 op, 5600.00 ns, 2.7344 ns/op
OverheadActual  13: 2048 op, 5900.00 ns, 2.8809 ns/op
OverheadActual  14: 2048 op, 5800.00 ns, 2.8320 ns/op
OverheadActual  15: 2048 op, 5800.00 ns, 2.8320 ns/op

WorkloadWarmup   1: 2048 op, 773749700.00 ns, 377.8075 us/op
WorkloadWarmup   2: 2048 op, 772269600.00 ns, 377.0848 us/op
WorkloadWarmup   3: 2048 op, 776582700.00 ns, 379.1908 us/op
WorkloadWarmup   4: 2048 op, 786381300.00 ns, 383.9752 us/op
WorkloadWarmup   5: 2048 op, 789772900.00 ns, 385.6313 us/op
WorkloadWarmup   6: 2048 op, 778953700.00 ns, 380.3485 us/op
WorkloadWarmup   7: 2048 op, 774653500.00 ns, 378.2488 us/op
WorkloadWarmup   8: 2048 op, 787275400.00 ns, 384.4118 us/op
WorkloadWarmup   9: 2048 op, 787231100.00 ns, 384.3902 us/op

// BeforeActualRun
WorkloadActual   1: 2048 op, 780606900.00 ns, 381.1557 us/op
WorkloadActual   2: 2048 op, 780058300.00 ns, 380.8878 us/op
WorkloadActual   3: 2048 op, 784485500.00 ns, 383.0496 us/op
WorkloadActual   4: 2048 op, 781100000.00 ns, 381.3965 us/op
WorkloadActual   5: 2048 op, 797629700.00 ns, 389.4676 us/op
WorkloadActual   6: 2048 op, 803491000.00 ns, 392.3296 us/op
WorkloadActual   7: 2048 op, 808768400.00 ns, 394.9064 us/op
WorkloadActual   8: 2048 op, 811572400.00 ns, 396.2756 us/op
WorkloadActual   9: 2048 op, 792652300.00 ns, 387.0373 us/op
WorkloadActual  10: 2048 op, 815873000.00 ns, 398.3755 us/op
WorkloadActual  11: 2048 op, 809379000.00 ns, 395.2046 us/op
WorkloadActual  12: 2048 op, 808428900.00 ns, 394.7407 us/op
WorkloadActual  13: 2048 op, 781785700.00 ns, 381.7313 us/op
WorkloadActual  14: 2048 op, 783747300.00 ns, 382.6891 us/op
WorkloadActual  15: 2048 op, 780688600.00 ns, 381.1956 us/op

// AfterActualRun
WorkloadResult   1: 2048 op, 780601100.00 ns, 381.1529 us/op
WorkloadResult   2: 2048 op, 780052500.00 ns, 380.8850 us/op
WorkloadResult   3: 2048 op, 784479700.00 ns, 383.0467 us/op
WorkloadResult   4: 2048 op, 781094200.00 ns, 381.3937 us/op
WorkloadResult   5: 2048 op, 797623900.00 ns, 389.4648 us/op
WorkloadResult   6: 2048 op, 803485200.00 ns, 392.3268 us/op
WorkloadResult   7: 2048 op, 808762600.00 ns, 394.9036 us/op
WorkloadResult   8: 2048 op, 811566600.00 ns, 396.2728 us/op
WorkloadResult   9: 2048 op, 792646500.00 ns, 387.0344 us/op
WorkloadResult  10: 2048 op, 815867200.00 ns, 398.3727 us/op
WorkloadResult  11: 2048 op, 809373200.00 ns, 395.2018 us/op
WorkloadResult  12: 2048 op, 808423100.00 ns, 394.7378 us/op
WorkloadResult  13: 2048 op, 781779900.00 ns, 381.7285 us/op
WorkloadResult  14: 2048 op, 783741500.00 ns, 382.6863 us/op
WorkloadResult  15: 2048 op, 780682800.00 ns, 381.1928 us/op
// GC:  511 511 511 3552599728 2048
// Threading:  0 0 2048

// AfterAll
// Benchmark Process 26524 has exited with code 0.

Mean = 388.027 μs, StdErr = 1.721 μs (0.44%), N = 15, StdDev = 6.667 μs
Min = 380.885 μs, Q1 = 381.561 μs, Median = 387.034 μs, Q3 = 394.821 μs, Max = 398.373 μs
IQR = 13.260 μs, LowerFence = 361.672 μs, UpperFence = 414.710 μs
ConfidenceInterval = [380.899 μs; 395.154 μs] (CI 99.9%), Margin = 7.128 μs (1.84% of Mean)
Skewness = 0.21, Kurtosis = 1.19, MValue = 2

// ** Remained 2 (20.0٪؜) benchmark(s) to run. Estimated finish 2026-09-24 14:49 (0h 0m from now) **
Setup power plan (GUID: 8c5e7fda-e8bf-4a96-9a85-a6e23a8c635c FriendlyName: High performance)
// **************************
// Benchmark: StringBenchmark.BuildScheduleReport: DefaultJob [Iterations=100000]
// *** Execute ***
// Launch: 1 / 1
// Execute: dotnet Assignment4-DefaultJob-1.dll --anonymousPipes 1684 1680 --benchmarkName "Assignment4.StringBenchmark.BuildScheduleReport(Iterations: 100000)" --job Default --benchmarkId 8 in D:\Simulation\Assignment 4\Manar166-Assignment-4\assignment\Assignment4\Assignment4\bin\Release\net10.0\Assignment4-DefaultJob-1\bin\Release\net10.0
// BeforeAnythingElse

// Benchmark Process Environment Information:
// BenchmarkDotNet v0.15.8
// Runtime=.NET 10.0.12 (10.0.12, 10.0.1226.42308), X64 RyuJIT x86-64-v3
// GC=Concurrent Workstation
// HardwareIntrinsics=AVX2+BMI1+BMI2+F16C+FMA+LZCNT+MOVBE,AVX,SSE3+SSSE3+SSE4.1+SSE4.2+POPCNT,X86Base+SSE+SSE2,AES+PCLMUL,AvxVnni,SERIALIZE VectorSize=256
// Job: DefaultJob

OverheadJitting  1: 1 op, 156000.00 ns, 156.0000 us/op
WorkloadJitting  1: 1 op, 76861294800.00 ns, 1.2810 m/op

WorkloadWarmup   1: 1 op, 76367574000.00 ns, 1.2728 m/op
WorkloadWarmup   2: 1 op, 77353894700.00 ns, 1.2892 m/op
WorkloadWarmup   3: 1 op, 76586603500.00 ns, 1.2764 m/op
WorkloadWarmup   4: 1 op, 77206858300.00 ns, 1.2868 m/op
WorkloadWarmup   5: 1 op, 75332935600.00 ns, 1.2555 m/op
WorkloadWarmup   6: 1 op, 77605302900.00 ns, 1.2934 m/op

// BeforeActualRun
WorkloadActual   1: 1 op, 78266119300.00 ns, 1.3044 m/op
WorkloadActual   2: 1 op, 75098865000.00 ns, 1.2516 m/op
WorkloadActual   3: 1 op, 76355724400.00 ns, 1.2726 m/op
WorkloadActual   4: 1 op, 76344403900.00 ns, 1.2724 m/op
WorkloadActual   5: 1 op, 75450914800.00 ns, 1.2575 m/op
WorkloadActual   6: 1 op, 77275585200.00 ns, 1.2879 m/op
WorkloadActual   7: 1 op, 75617750900.00 ns, 1.2603 m/op
WorkloadActual   8: 1 op, 77071794700.00 ns, 1.2845 m/op
WorkloadActual   9: 1 op, 76428229400.00 ns, 1.2738 m/op
WorkloadActual  10: 1 op, 76179177700.00 ns, 1.2697 m/op
WorkloadActual  11: 1 op, 75819971700.00 ns, 1.2637 m/op
WorkloadActual  12: 1 op, 75910812500.00 ns, 1.2652 m/op
WorkloadActual  13: 1 op, 76326418600.00 ns, 1.2721 m/op
WorkloadActual  14: 1 op, 76410978700.00 ns, 1.2735 m/op
WorkloadActual  15: 1 op, 76243609900.00 ns, 1.2707 m/op

// AfterActualRun
WorkloadResult   1: 1 op, 75098865000.00 ns, 1.2516 m/op
WorkloadResult   2: 1 op, 76355724400.00 ns, 1.2726 m/op
WorkloadResult   3: 1 op, 76344403900.00 ns, 1.2724 m/op
WorkloadResult   4: 1 op, 75450914800.00 ns, 1.2575 m/op
WorkloadResult   5: 1 op, 75617750900.00 ns, 1.2603 m/op
WorkloadResult   6: 1 op, 77071794700.00 ns, 1.2845 m/op
WorkloadResult   7: 1 op, 76428229400.00 ns, 1.2738 m/op
WorkloadResult   8: 1 op, 76179177700.00 ns, 1.2697 m/op
WorkloadResult   9: 1 op, 75819971700.00 ns, 1.2637 m/op
WorkloadResult  10: 1 op, 75910812500.00 ns, 1.2652 m/op
WorkloadResult  11: 1 op, 76326418600.00 ns, 1.2721 m/op
WorkloadResult  12: 1 op, 76410978700.00 ns, 1.2735 m/op
WorkloadResult  13: 1 op, 76243609900.00 ns, 1.2707 m/op
// GC:  34252 34228 34228 430017492336 1
// Threading:  0 0 1

// AfterAll
// Benchmark Process 10436 has exited with code 0.

Mean = 1.268 m, StdErr = 0.002 m (0.19%), N = 13, StdDev = 0.009 m
Min = 1.252 m, Q1 = 1.264 m, Median = 1.271 m, Q3 = 1.273 m, Max = 1.285 m
IQR = 0.009 m, LowerFence = 1.250 m, UpperFence = 1.286 m
ConfidenceInterval = [1.258 m; 1.278 m] (CI 99.9%), Margin = 0.010 m (0.80% of Mean)
Skewness = -0.21, Kurtosis = 2.46, MValue = 2

// ** Remained 1 (10.0٪؜) benchmark(s) to run. Estimated finish 2026-09-24 15:21 (0h 3m from now) **
Setup power plan (GUID: 8c5e7fda-e8bf-4a96-9a85-a6e23a8c635c FriendlyName: High performance)
// **************************
// Benchmark: StringBenchmark.ReportUsingStringBuilder: DefaultJob [Iterations=100000]
// *** Execute ***
// Launch: 1 / 1
// Execute: dotnet Assignment4-DefaultJob-1.dll --anonymousPipes 1716 1432 --benchmarkName "Assignment4.StringBenchmark.ReportUsingStringBuilder(Iterations: 100000)" --job Default --benchmarkId 9 in D:\Simulation\Assignment 4\Manar166-Assignment-4\assignment\Assignment4\Assignment4\bin\Release\net10.0\Assignment4-DefaultJob-1\bin\Release\net10.0
// BeforeAnythingElse

// Benchmark Process Environment Information:
// BenchmarkDotNet v0.15.8
// Runtime=.NET 10.0.12 (10.0.12, 10.0.1226.42308), X64 RyuJIT x86-64-v3
// GC=Concurrent Workstation
// HardwareIntrinsics=AVX2+BMI1+BMI2+F16C+FMA+LZCNT+MOVBE,AVX,SSE3+SSSE3+SSE4.1+SSE4.2+POPCNT,X86Base+SSE+SSE2,AES+PCLMUL,AvxVnni,SERIALIZE VectorSize=256
// Job: DefaultJob

OverheadJitting  1: 1 op, 196200.00 ns, 196.2000 us/op
WorkloadJitting  1: 1 op, 7708900.00 ns, 7.7089 ms/op

OverheadJitting  2: 16 op, 346900.00 ns, 21.6813 us/op
WorkloadJitting  2: 16 op, 149721300.00 ns, 9.3576 ms/op

WorkloadPilot    1: 16 op, 100601100.00 ns, 6.2876 ms/op
WorkloadPilot    2: 32 op, 224084800.00 ns, 7.0027 ms/op
WorkloadPilot    3: 64 op, 389698000.00 ns, 6.0890 ms/op
WorkloadPilot    4: 128 op, 758879300.00 ns, 5.9287 ms/op

OverheadWarmup   1: 128 op, 2000.00 ns, 15.6250 ns/op
OverheadWarmup   2: 128 op, 1100.00 ns, 8.5938 ns/op
OverheadWarmup   3: 128 op, 1000.00 ns, 7.8125 ns/op
OverheadWarmup   4: 128 op, 900.00 ns, 7.0313 ns/op
OverheadWarmup   5: 128 op, 1000.00 ns, 7.8125 ns/op
OverheadWarmup   6: 128 op, 900.00 ns, 7.0313 ns/op
OverheadWarmup   7: 128 op, 800.00 ns, 6.2500 ns/op
OverheadWarmup   8: 128 op, 800.00 ns, 6.2500 ns/op
OverheadWarmup   9: 128 op, 800.00 ns, 6.2500 ns/op

OverheadActual   1: 128 op, 900.00 ns, 7.0313 ns/op
OverheadActual   2: 128 op, 800.00 ns, 6.2500 ns/op
OverheadActual   3: 128 op, 800.00 ns, 6.2500 ns/op
OverheadActual   4: 128 op, 800.00 ns, 6.2500 ns/op
OverheadActual   5: 128 op, 800.00 ns, 6.2500 ns/op
OverheadActual   6: 128 op, 800.00 ns, 6.2500 ns/op
OverheadActual   7: 128 op, 800.00 ns, 6.2500 ns/op
OverheadActual   8: 128 op, 800.00 ns, 6.2500 ns/op
OverheadActual   9: 128 op, 700.00 ns, 5.4688 ns/op
OverheadActual  10: 128 op, 700.00 ns, 5.4688 ns/op
OverheadActual  11: 128 op, 800.00 ns, 6.2500 ns/op
OverheadActual  12: 128 op, 700.00 ns, 5.4688 ns/op
OverheadActual  13: 128 op, 700.00 ns, 5.4688 ns/op
OverheadActual  14: 128 op, 800.00 ns, 6.2500 ns/op
OverheadActual  15: 128 op, 900.00 ns, 7.0313 ns/op
OverheadActual  16: 128 op, 800.00 ns, 6.2500 ns/op
OverheadActual  17: 128 op, 800.00 ns, 6.2500 ns/op
OverheadActual  18: 128 op, 800.00 ns, 6.2500 ns/op
OverheadActual  19: 128 op, 800.00 ns, 6.2500 ns/op
OverheadActual  20: 128 op, 800.00 ns, 6.2500 ns/op

WorkloadWarmup   1: 128 op, 784332900.00 ns, 6.1276 ms/op
WorkloadWarmup   2: 128 op, 775064200.00 ns, 6.0552 ms/op
WorkloadWarmup   3: 128 op, 772512200.00 ns, 6.0353 ms/op
WorkloadWarmup   4: 128 op, 772235100.00 ns, 6.0331 ms/op
WorkloadWarmup   5: 128 op, 790888300.00 ns, 6.1788 ms/op
WorkloadWarmup   6: 128 op, 787985100.00 ns, 6.1561 ms/op
WorkloadWarmup   7: 128 op, 792978200.00 ns, 6.1951 ms/op
WorkloadWarmup   8: 128 op, 805333600.00 ns, 6.2917 ms/op
WorkloadWarmup   9: 128 op, 784959900.00 ns, 6.1325 ms/op

// BeforeActualRun
WorkloadActual   1: 128 op, 787238900.00 ns, 6.1503 ms/op
WorkloadActual   2: 128 op, 770764400.00 ns, 6.0216 ms/op
WorkloadActual   3: 128 op, 773876300.00 ns, 6.0459 ms/op
WorkloadActual   4: 128 op, 776282800.00 ns, 6.0647 ms/op
WorkloadActual   5: 128 op, 787379600.00 ns, 6.1514 ms/op
WorkloadActual   6: 128 op, 768138900.00 ns, 6.0011 ms/op
WorkloadActual   7: 128 op, 769764800.00 ns, 6.0138 ms/op
WorkloadActual   8: 128 op, 792967400.00 ns, 6.1951 ms/op
WorkloadActual   9: 128 op, 755603900.00 ns, 5.9032 ms/op
WorkloadActual  10: 128 op, 773764200.00 ns, 6.0450 ms/op
WorkloadActual  11: 128 op, 759003600.00 ns, 5.9297 ms/op
WorkloadActual  12: 128 op, 769938000.00 ns, 6.0151 ms/op
WorkloadActual  13: 128 op, 775219300.00 ns, 6.0564 ms/op
WorkloadActual  14: 128 op, 774648900.00 ns, 6.0519 ms/op
WorkloadActual  15: 128 op, 771174600.00 ns, 6.0248 ms/op

// AfterActualRun
WorkloadResult   1: 128 op, 770763600.00 ns, 6.0216 ms/op
WorkloadResult   2: 128 op, 773875500.00 ns, 6.0459 ms/op
WorkloadResult   3: 128 op, 776282000.00 ns, 6.0647 ms/op
WorkloadResult   4: 128 op, 768138100.00 ns, 6.0011 ms/op
WorkloadResult   5: 128 op, 769764000.00 ns, 6.0138 ms/op
WorkloadResult   6: 128 op, 755603100.00 ns, 5.9031 ms/op
WorkloadResult   7: 128 op, 773763400.00 ns, 6.0450 ms/op
WorkloadResult   8: 128 op, 759002800.00 ns, 5.9297 ms/op
WorkloadResult   9: 128 op, 769937200.00 ns, 6.0151 ms/op
WorkloadResult  10: 128 op, 775218500.00 ns, 6.0564 ms/op
WorkloadResult  11: 128 op, 774648100.00 ns, 6.0519 ms/op
WorkloadResult  12: 128 op, 771173800.00 ns, 6.0248 ms/op
// GC:  176 173 88 2208957048 128
// Threading:  0 0 128

// AfterAll
// Benchmark Process 16828 has exited with code 0.

Mean = 6.014 ms, StdErr = 0.014 ms (0.24%), N = 12, StdDev = 0.050 ms
Min = 5.903 ms, Q1 = 6.011 ms, Median = 6.023 ms, Q3 = 6.047 ms, Max = 6.065 ms
IQR = 0.037 ms, LowerFence = 5.955 ms, UpperFence = 6.103 ms
ConfidenceInterval = [5.950 ms; 6.079 ms] (CI 99.9%), Margin = 0.064 ms (1.07% of Mean)
Skewness = -1.11, Kurtosis = 2.91, MValue = 2

// ** Remained 0 (0.0٪؜) benchmark(s) to run. Estimated finish 2026-09-24 15:18 (0h 0m from now) **
Successfully reverted power plan (GUID: 8c5e7fda-e8bf-4a96-9a85-a6e23a8c635c FriendlyName: High performance)
// ***** BenchmarkRunner: Finish  *****

// * Export *
  BenchmarkDotNet.Artifacts\results\Assignment4.StringBenchmark-report.csv
  BenchmarkDotNet.Artifacts\results\Assignment4.StringBenchmark-report-github.md
  BenchmarkDotNet.Artifacts\results\Assignment4.StringBenchmark-report.html

// * Detailed results *
StringBenchmark.BuildScheduleReport: DefaultJob [Iterations=10]
Runtime = .NET 10.0.12 (10.0.12, 10.0.1226.42308), X64 RyuJIT x86-64-v3; GC = Concurrent Workstation
Mean = 269.375 ns, StdErr = 1.257 ns (0.47%), N = 16, StdDev = 5.028 ns
Min = 261.802 ns, Q1 = 266.424 ns, Median = 268.335 ns, Q3 = 271.173 ns, Max = 279.896 ns
IQR = 4.749 ns, LowerFence = 259.301 ns, UpperFence = 278.297 ns
ConfidenceInterval = [264.255 ns; 274.495 ns] (CI 99.9%), Margin = 5.120 ns (1.90% of Mean)
Skewness = 0.76, Kurtosis = 2.5, MValue = 2
-------------------- Histogram --------------------
[259.183 ns ; 269.602 ns) | @@@@@@@@@@@
[269.602 ns ; 281.002 ns) | @@@@@
---------------------------------------------------

StringBenchmark.ReportUsingStringBuilder: DefaultJob [Iterations=10]
Runtime = .NET 10.0.12 (10.0.12, 10.0.1226.42308), X64 RyuJIT x86-64-v3; GC = Concurrent Workstation
Mean = 181.288 ns, StdErr = 0.910 ns (0.50%), N = 31, StdDev = 5.064 ns
Min = 177.766 ns, Q1 = 179.087 ns, Median = 179.814 ns, Q3 = 181.457 ns, Max = 204.563 ns
IQR = 2.370 ns, LowerFence = 175.531 ns, UpperFence = 185.013 ns
ConfidenceInterval = [177.972 ns; 184.604 ns] (CI 99.9%), Margin = 3.316 ns (1.83% of Mean)
Skewness = 3.4, Kurtosis = 15.13, MValue = 2
-------------------- Histogram --------------------
[177.646 ns ; 181.878 ns) | @@@@@@@@@@@@@@@@@@@@@@@@@
[181.878 ns ; 189.164 ns) | @@@@
[189.164 ns ; 194.333 ns) | @
[194.333 ns ; 198.565 ns) | 
[198.565 ns ; 202.447 ns) | 
[202.447 ns ; 206.679 ns) | @
---------------------------------------------------

StringBenchmark.BuildScheduleReport: DefaultJob [Iterations=100]
Runtime = .NET 10.0.12 (10.0.12, 10.0.1226.42308), X64 RyuJIT x86-64-v3; GC = Concurrent Workstation
Mean = 22.587 μs, StdErr = 0.104 μs (0.46%), N = 17, StdDev = 0.431 μs
Min = 21.170 μs, Q1 = 22.532 μs, Median = 22.608 μs, Q3 = 22.855 μs, Max = 23.173 μs
IQR = 0.322 μs, LowerFence = 22.048 μs, UpperFence = 23.338 μs
ConfidenceInterval = [22.168 μs; 23.007 μs] (CI 99.9%), Margin = 0.419 μs (1.86% of Mean)
Skewness = -1.88, Kurtosis = 7.18, MValue = 2
-------------------- Histogram --------------------
[20.950 μs ; 21.390 μs) | @
[21.390 μs ; 21.830 μs) | 
[21.830 μs ; 22.515 μs) | @@@
[22.515 μs ; 23.393 μs) | @@@@@@@@@@@@@
---------------------------------------------------

StringBenchmark.ReportUsingStringBuilder: DefaultJob [Iterations=100]
Runtime = .NET 10.0.12 (10.0.12, 10.0.1226.42308), X64 RyuJIT x86-64-v3; GC = Concurrent Workstation
Mean = 925.324 ns, StdErr = 4.161 ns (0.45%), N = 15, StdDev = 16.116 ns
Min = 875.414 ns, Q1 = 921.784 ns, Median = 926.835 ns, Q3 = 934.595 ns, Max = 946.010 ns
IQR = 12.811 ns, LowerFence = 902.567 ns, UpperFence = 953.812 ns
ConfidenceInterval = [908.095 ns; 942.552 ns] (CI 99.9%), Margin = 17.228 ns (1.86% of Mean)
Skewness = -1.78, Kurtosis = 6.4, MValue = 2
-------------------- Histogram --------------------
[866.838 ns ; 904.057 ns) | @
[904.057 ns ; 954.586 ns) | @@@@@@@@@@@@@@
---------------------------------------------------

StringBenchmark.BuildScheduleReport: DefaultJob [Iterations=1000]
Runtime = .NET 10.0.12 (10.0.12, 10.0.1226.42308), X64 RyuJIT x86-64-v3; GC = Concurrent Workstation
Mean = 2.359 ms, StdErr = 0.008 ms (0.35%), N = 13, StdDev = 0.030 ms
Min = 2.310 ms, Q1 = 2.340 ms, Median = 2.353 ms, Q3 = 2.372 ms, Max = 2.414 ms
IQR = 0.032 ms, LowerFence = 2.293 ms, UpperFence = 2.419 ms
ConfidenceInterval = [2.323 ms; 2.395 ms] (CI 99.9%), Margin = 0.036 ms (1.53% of Mean)
Skewness = 0.4, Kurtosis = 2.2, MValue = 2
-------------------- Histogram --------------------
[2.293 ms ; 2.380 ms) | @@@@@@@@@@@
[2.380 ms ; 2.431 ms) | @@
---------------------------------------------------

StringBenchmark.ReportUsingStringBuilder: DefaultJob [Iterations=1000]
Runtime = .NET 10.0.12 (10.0.12, 10.0.1226.42308), X64 RyuJIT x86-64-v3; GC = Concurrent Workstation
Mean = 37.907 μs, StdErr = 0.098 μs (0.26%), N = 15, StdDev = 0.380 μs
Min = 37.285 μs, Q1 = 37.619 μs, Median = 38.057 μs, Q3 = 38.133 μs, Max = 38.573 μs
IQR = 0.513 μs, LowerFence = 36.849 μs, UpperFence = 38.903 μs
ConfidenceInterval = [37.502 μs; 38.313 μs] (CI 99.9%), Margin = 0.406 μs (1.07% of Mean)
Skewness = -0.3, Kurtosis = 1.86, MValue = 2
-------------------- Histogram --------------------
[37.083 μs ; 38.775 μs) | @@@@@@@@@@@@@@@
---------------------------------------------------

StringBenchmark.BuildScheduleReport: DefaultJob [Iterations=10000]
Runtime = .NET 10.0.12 (10.0.12, 10.0.1226.42308), X64 RyuJIT x86-64-v3; GC = Concurrent Workstation
Mean = 431.180 ms, StdErr = 1.402 ms (0.33%), N = 15, StdDev = 5.429 ms
Min = 423.017 ms, Q1 = 426.813 ms, Median = 431.200 ms, Q3 = 434.096 ms, Max = 440.817 ms
IQR = 7.282 ms, LowerFence = 415.889 ms, UpperFence = 445.019 ms
ConfidenceInterval = [425.376 ms; 436.984 ms] (CI 99.9%), Margin = 5.804 ms (1.35% of Mean)
Skewness = 0.12, Kurtosis = 1.81, MValue = 2
-------------------- Histogram --------------------
[420.128 ms ; 443.706 ms) | @@@@@@@@@@@@@@@
---------------------------------------------------

StringBenchmark.ReportUsingStringBuilder: DefaultJob [Iterations=10000]
Runtime = .NET 10.0.12 (10.0.12, 10.0.1226.42308), X64 RyuJIT x86-64-v3; GC = Concurrent Workstation
Mean = 388.027 μs, StdErr = 1.721 μs (0.44%), N = 15, StdDev = 6.667 μs
Min = 380.885 μs, Q1 = 381.561 μs, Median = 387.034 μs, Q3 = 394.821 μs, Max = 398.373 μs
IQR = 13.260 μs, LowerFence = 361.672 μs, UpperFence = 414.710 μs
ConfidenceInterval = [380.899 μs; 395.154 μs] (CI 99.9%), Margin = 7.128 μs (1.84% of Mean)
Skewness = 0.21, Kurtosis = 1.19, MValue = 2
-------------------- Histogram --------------------
[380.120 μs ; 399.303 μs) | @@@@@@@@@@@@@@@
---------------------------------------------------

StringBenchmark.BuildScheduleReport: DefaultJob [Iterations=100000]
Runtime = .NET 10.0.12 (10.0.12, 10.0.1226.42308), X64 RyuJIT x86-64-v3; GC = Concurrent Workstation
Mean = 1.268 m, StdErr = 0.002 m (0.19%), N = 13, StdDev = 0.009 m
Min = 1.252 m, Q1 = 1.264 m, Median = 1.271 m, Q3 = 1.273 m, Max = 1.285 m
IQR = 0.009 m, LowerFence = 1.250 m, UpperFence = 1.286 m
ConfidenceInterval = [1.258 m; 1.278 m] (CI 99.9%), Margin = 0.010 m (0.80% of Mean)
Skewness = -0.21, Kurtosis = 2.46, MValue = 2
-------------------- Histogram --------------------
[1.247 m ; 1.289 m) | @@@@@@@@@@@@@
---------------------------------------------------

StringBenchmark.ReportUsingStringBuilder: DefaultJob [Iterations=100000]
Runtime = .NET 10.0.12 (10.0.12, 10.0.1226.42308), X64 RyuJIT x86-64-v3; GC = Concurrent Workstation
Mean = 6.014 ms, StdErr = 0.014 ms (0.24%), N = 12, StdDev = 0.050 ms
Min = 5.903 ms, Q1 = 6.011 ms, Median = 6.023 ms, Q3 = 6.047 ms, Max = 6.065 ms
IQR = 0.037 ms, LowerFence = 5.955 ms, UpperFence = 6.103 ms
ConfidenceInterval = [5.950 ms; 6.079 ms] (CI 99.9%), Margin = 0.064 ms (1.07% of Mean)
Skewness = -1.11, Kurtosis = 2.91, MValue = 2
-------------------- Histogram --------------------
[5.874 ms ; 6.093 ms) | @@@@@@@@@@@@
---------------------------------------------------

// * Summary *

BenchmarkDotNet v0.15.8, Windows 11 (10.0.26200.9457/25H2/2025Update/HudsonValley2)
13th Gen Intel Core i7-13620H 2.40GHz, 1 CPU, 16 logical and 10 physical cores
.NET SDK 10.0.401
  [Host]     : .NET 10.0.12 (10.0.12, 10.0.1226.42308), X64 RyuJIT x86-64-v3 [AttachedDebugger]
  DefaultJob : .NET 10.0.12 (10.0.12, 10.0.1226.42308), X64 RyuJIT x86-64-v3


| Method                   | Iterations | Mean                | Error             | StdDev            | Gen0          | Gen1          | Gen2          | Allocated       |
|------------------------- |----------- |--------------------:|------------------:|------------------:|--------------:|--------------:|--------------:|----------------:|
| BuildScheduleReport      | 10         |            269.4 ns |           5.12 ns |           5.03 ns |        0.3881 |        0.0005 |             - |         4.76 KB |
| ReportUsingStringBuilder | 10         |            181.3 ns |           3.32 ns |           5.06 ns |        0.2155 |        0.0007 |             - |         2.64 KB |
| BuildScheduleReport      | 100        |         22,587.4 ns |         419.48 ns |         430.77 ns |       34.8206 |        0.7935 |             - |       426.45 KB |
| ReportUsingStringBuilder | 100        |            925.3 ns |          17.23 ns |          16.12 ns |        1.6174 |        0.0696 |             - |        19.81 KB |
| BuildScheduleReport      | 1000       |      2,359,299.9 ns |      36,137.70 ns |      30,176.62 ns |     3625.0000 |      675.7813 |      324.2188 |     42058.59 KB |
| ReportUsingStringBuilder | 1000       |         37,907.4 ns |         405.75 ns |         379.53 ns |       26.9775 |       26.9775 |       26.9775 |       169.01 KB |
| BuildScheduleReport      | 10000      |    431,180,226.7 ns |   5,803,803.02 ns |   5,428,880.94 ns |  1064000.0000 |  1061000.0000 |  1061000.0000 |      4200215 KB |
| ReportUsingStringBuilder | 10000      |        388,026.7 ns |       7,127.71 ns |       6,667.26 ns |      249.5117 |      249.5117 |      249.5117 |      1694.01 KB |
| BuildScheduleReport      | 100000     | 76,096,819,400.0 ns | 610,856,556.66 ns | 510,092,890.77 ns | 34252000.0000 | 34228000.0000 | 34228000.0000 | 419938957.36 KB |
| ReportUsingStringBuilder | 100000     |      6,014,433.7 ns |      64,066.52 ns |      50,018.92 ns |     1375.0000 |     1351.5625 |      687.5000 |        16853 KB |

// * Warnings *
Environment
  Summary -> Benchmark was executed with attached debugger

// * Hints *
Outliers
  StringBenchmark.BuildScheduleReport: Default      -> 2 outliers were removed (323.64 ns, 485.50 ns)
  StringBenchmark.ReportUsingStringBuilder: Default -> 10 outliers were removed (301.54 ns..400.82 ns)
  StringBenchmark.BuildScheduleReport: Default      -> 1 outlier  was  detected (21.17 μs)
  StringBenchmark.ReportUsingStringBuilder: Default -> 1 outlier  was  detected (877.93 ns)
  StringBenchmark.BuildScheduleReport: Default      -> 2 outliers were removed (2.55 ms, 2.56 ms)
  StringBenchmark.BuildScheduleReport: Default      -> 2 outliers were removed (449.31 ms, 452.74 ms)
  StringBenchmark.BuildScheduleReport: Default      -> 2 outliers were removed (1.29 m, 1.30 m)
  StringBenchmark.ReportUsingStringBuilder: Default -> 3 outliers were removed, 5 outliers were detected (5.90 ms, 5.93 ms, 6.15 ms..6.20 ms)

// * Legends *
  Iterations : Value of the 'Iterations' parameter
  Mean       : Arithmetic mean of all measurements
  Error      : Half of 99.9% confidence interval
  StdDev     : Standard deviation of all measurements
  Gen0       : GC Generation 0 collects per 1000 operations
  Gen1       : GC Generation 1 collects per 1000 operations
  Gen2       : GC Generation 2 collects per 1000 operations
  Allocated  : Allocated memory per single operation (managed only, inclusive, 1KB = 1024B)
  1 ns       : 1 Nanosecond (0.000000001 sec)

// * Diagnostic Output - MemoryDiagnoser *


// ***** BenchmarkRunner: End *****
Run time: 00:32:34 (1954.83 sec), executed benchmarks: 10

Global total time: 00:32:41 (1961.23 sec), executed benchmarks: 10
// * Artifacts cleanup *
Artifacts cleanup is finished
