// Validating benchmarks:
// ***** BenchmarkRunner: Start   *****
// ***** Found 8 benchmark(s) in total *****
// ***** Building 1 exe(s) in Parallel: Start   *****
// start dotnet  restore --nodeReuse:false /p:UseSharedCompilation=false /p:Deterministic=true /p:Optimize=true /p:ArtifactsPath="D:\Simulation\Assignment 4\Manar166-Assignment-4\assignment\Assignment4\Assignment4\bin\Release\net10.0\Assignment4-DefaultJob-1/" /p:OutDir="D:\Simulation\Assignment 4\Manar166-Assignment-4\assignment\Assignment4\Assignment4\bin\Release\net10.0\Assignment4-DefaultJob-1\bin\Release\net10.0/" /p:OutputPath="D:\Simulation\Assignment 4\Manar166-Assignment-4\assignment\Assignment4\Assignment4\bin\Release\net10.0\Assignment4-DefaultJob-1\bin\Release\net10.0/" /p:PublishDir="D:\Simulation\Assignment 4\Manar166-Assignment-4\assignment\Assignment4\Assignment4\bin\Release\net10.0\Assignment4-DefaultJob-1\publish/" in D:\Simulation\Assignment 4\Manar166-Assignment-4\assignment\Assignment4\Assignment4\bin\Release\net10.0\Assignment4-DefaultJob-1
// command took 2.03 sec and exited with 0
// start dotnet  build -c Release --no-restore --nodeReuse:false /p:UseSharedCompilation=false /p:Deterministic=true /p:Optimize=true /p:ArtifactsPath="D:\Simulation\Assignment 4\Manar166-Assignment-4\assignment\Assignment4\Assignment4\bin\Release\net10.0\Assignment4-DefaultJob-1/" /p:OutDir="D:\Simulation\Assignment 4\Manar166-Assignment-4\assignment\Assignment4\Assignment4\bin\Release\net10.0\Assignment4-DefaultJob-1\bin\Release\net10.0/" /p:OutputPath="D:\Simulation\Assignment 4\Manar166-Assignment-4\assignment\Assignment4\Assignment4\bin\Release\net10.0\Assignment4-DefaultJob-1\bin\Release\net10.0/" /p:PublishDir="D:\Simulation\Assignment 4\Manar166-Assignment-4\assignment\Assignment4\Assignment4\bin\Release\net10.0\Assignment4-DefaultJob-1\publish/" --output "D:\Simulation\Assignment 4\Manar166-Assignment-4\assignment\Assignment4\Assignment4\bin\Release\net10.0\Assignment4-DefaultJob-1\bin\Release\net10.0/" in D:\Simulation\Assignment 4\Manar166-Assignment-4\assignment\Assignment4\Assignment4\bin\Release\net10.0\Assignment4-DefaultJob-1
// command took 4.59 sec and exited with 0
// ***** Done, took 00:00:06 (6.71 sec)   *****
// Found 8 benchmarks:
//   StringBenchmark.BuildScheduleReport: DefaultJob [Iterations=100]
//   StringBenchmark.ReportUsingStringBuilder: DefaultJob [Iterations=100]
//   StringBenchmark.BuildScheduleReport: DefaultJob [Iterations=1000]
//   StringBenchmark.ReportUsingStringBuilder: DefaultJob [Iterations=1000]
//   StringBenchmark.BuildScheduleReport: DefaultJob [Iterations=10000]
//   StringBenchmark.ReportUsingStringBuilder: DefaultJob [Iterations=10000]
//   StringBenchmark.BuildScheduleReport: DefaultJob [Iterations=100000]
//   StringBenchmark.ReportUsingStringBuilder: DefaultJob [Iterations=100000]

Setup power plan (GUID: 8c5e7fda-e8bf-4a96-9a85-a6e23a8c635c FriendlyName: High performance)
// **************************
// Benchmark: StringBenchmark.BuildScheduleReport: DefaultJob [Iterations=100]
// *** Execute ***
// Launch: 1 / 1
// Execute: dotnet Assignment4-DefaultJob-1.dll --anonymousPipes 1488 1484 --benchmarkName "Assignment4.StringBenchmark.BuildScheduleReport(Iterations: 100)" --job Default --benchmarkId 0 in D:\Simulation\Assignment 4\Manar166-Assignment-4\assignment\Assignment4\Assignment4\bin\Release\net10.0\Assignment4-DefaultJob-1\bin\Release\net10.0
// BeforeAnythingElse

// Benchmark Process Environment Information:
// BenchmarkDotNet v0.15.8
// Runtime=.NET 10.0.12 (10.0.12, 10.0.1226.42308), X64 RyuJIT x86-64-v3
// GC=Concurrent Workstation
// HardwareIntrinsics=AVX2+BMI1+BMI2+F16C+FMA+LZCNT+MOVBE,AVX,SSE3+SSSE3+SSE4.1+SSE4.2+POPCNT,X86Base+SSE+SSE2,AES+PCLMUL,AvxVnni,SERIALIZE VectorSize=256
// Job: DefaultJob

OverheadJitting  1: 1 op, 129600.00 ns, 129.6000 us/op

System.Reflection.TargetInvocationException: Exception has been thrown by the target of an invocation.
 ---> System.IndexOutOfRangeException: Index was outside the bounds of the array.
   at Assignment4.StringBenchmark.BuildScheduleReport() in D:\Simulation\Assignment 4\Manar166-Assignment-4\assignment\Assignment4\Assignment4\StringBenchmark.cs:line 43
   at BenchmarkDotNet.Autogenerated.Runnable_0.WorkloadActionNoUnroll(Int64 invokeCount) in D:\Simulation\Assignment 4\Manar166-Assignment-4\assignment\Assignment4\Assignment4\bin\Release\net10.0\Assignment4-DefaultJob-1\Assignment4-DefaultJob-1.notcs:line 311
   at BenchmarkDotNet.Engines.Engine.Measure(Action`1 action, Int64 invokeCount)
   at BenchmarkDotNet.Engines.Engine.RunIteration(IterationData data)
   at BenchmarkDotNet.Engines.EngineFactory.Jit(Engine engine, Int32 jitIndex, Int32 invokeCount, Int32 unrollFactor)
   at BenchmarkDotNet.Engines.EngineFactory.CreateReadyToRun(EngineParameters engineParameters)
   at BenchmarkDotNet.Autogenerated.Runnable_0.Run(IHost host, String benchmarkName) in D:\Simulation\Assignment 4\Manar166-Assignment-4\assignment\Assignment4\Assignment4\bin\Release\net10.0\Assignment4-DefaultJob-1\Assignment4-DefaultJob-1.notcs:line 176
   at System.Reflection.MethodBaseInvoker.InterpretedInvoke_Method(Object obj, IntPtr* args)
   at System.Reflection.MethodBaseInvoker.InvokeDirectByRefWithFewArgs(Object obj, Span`1 copyOfArgs, BindingFlags invokeAttr)
   --- End of inner exception stack trace ---
   at System.Reflection.MethodBaseInvoker.InvokeDirectByRefWithFewArgs(Object obj, Span`1 copyOfArgs, BindingFlags invokeAttr)
   at System.Reflection.MethodBaseInvoker.InvokeWithFewArgs(Object obj, BindingFlags invokeAttr, Binder binder, Object[] parameters, CultureInfo culture)
   at System.Reflection.RuntimeMethodInfo.Invoke(Object obj, BindingFlags invokeAttr, Binder binder, Object[] parameters, CultureInfo culture)
   at System.Reflection.MethodBase.Invoke(Object obj, Object[] parameters)
   at BenchmarkDotNet.Autogenerated.UniqueProgramName.AfterAssemblyLoadingAttached(String[] args) in D:\Simulation\Assignment 4\Manar166-Assignment-4\assignment\Assignment4\Assignment4\bin\Release\net10.0\Assignment4-DefaultJob-1\Assignment4-DefaultJob-1.notcs:line 57
// AfterAll
No Workload Results were obtained from the run.
// Benchmark Process 36296 has exited with code -1.

// ** Remained 7 (87.5٪؜) benchmark(s) to run. Estimated finish 2026-09-22 11:11 (0h 0m from now) **
Setup power plan (GUID: 8c5e7fda-e8bf-4a96-9a85-a6e23a8c635c FriendlyName: High performance)
// **************************
// Benchmark: StringBenchmark.ReportUsingStringBuilder: DefaultJob [Iterations=100]
// *** Execute ***
// Launch: 1 / 1
// Execute: dotnet Assignment4-DefaultJob-1.dll --anonymousPipes 1556 1552 --benchmarkName "Assignment4.StringBenchmark.ReportUsingStringBuilder(Iterations: 100)" --job Default --benchmarkId 1 in D:\Simulation\Assignment 4\Manar166-Assignment-4\assignment\Assignment4\Assignment4\bin\Release\net10.0\Assignment4-DefaultJob-1\bin\Release\net10.0
// BeforeAnythingElse

// Benchmark Process Environment Information:
// BenchmarkDotNet v0.15.8
// Runtime=.NET 10.0.12 (10.0.12, 10.0.1226.42308), X64 RyuJIT x86-64-v3
// GC=Concurrent Workstation
// HardwareIntrinsics=AVX2+BMI1+BMI2+F16C+FMA+LZCNT+MOVBE,AVX,SSE3+SSSE3+SSE4.1+SSE4.2+POPCNT,X86Base+SSE+SSE2,AES+PCLMUL,AvxVnni,SERIALIZE VectorSize=256
// Job: DefaultJob

OverheadJitting  1: 1 op, 121700.00 ns, 121.7000 us/op

System.Reflection.TargetInvocationException: Exception has been thrown by the target of an invocation.
 ---> System.IndexOutOfRangeException: Index was outside the bounds of the array.
   at Assignment4.StringBenchmark.ReportUsingStringBuilder() in D:\Simulation\Assignment 4\Manar166-Assignment-4\assignment\Assignment4\Assignment4\StringBenchmark.cs:line 57
   at BenchmarkDotNet.Autogenerated.Runnable_1.WorkloadActionNoUnroll(Int64 invokeCount) in D:\Simulation\Assignment 4\Manar166-Assignment-4\assignment\Assignment4\Assignment4\bin\Release\net10.0\Assignment4-DefaultJob-1\Assignment4-DefaultJob-1.notcs:line 503
   at BenchmarkDotNet.Engines.Engine.Measure(Action`1 action, Int64 invokeCount)
   at BenchmarkDotNet.Engines.Engine.RunIteration(IterationData data)
   at BenchmarkDotNet.Engines.EngineFactory.Jit(Engine engine, Int32 jitIndex, Int32 invokeCount, Int32 unrollFactor)
   at BenchmarkDotNet.Engines.EngineFactory.CreateReadyToRun(EngineParameters engineParameters)
   at BenchmarkDotNet.Autogenerated.Runnable_1.Run(IHost host, String benchmarkName) in D:\Simulation\Assignment 4\Manar166-Assignment-4\assignment\Assignment4\Assignment4\bin\Release\net10.0\Assignment4-DefaultJob-1\Assignment4-DefaultJob-1.notcs:line 368
   at System.Reflection.MethodBaseInvoker.InterpretedInvoke_Method(Object obj, IntPtr* args)
   at System.Reflection.MethodBaseInvoker.InvokeDirectByRefWithFewArgs(Object obj, Span`1 copyOfArgs, BindingFlags invokeAttr)
   --- End of inner exception stack trace ---
   at System.Reflection.MethodBaseInvoker.InvokeDirectByRefWithFewArgs(Object obj, Span`1 copyOfArgs, BindingFlags invokeAttr)
   at System.Reflection.MethodBaseInvoker.InvokeWithFewArgs(Object obj, BindingFlags invokeAttr, Binder binder, Object[] parameters, CultureInfo culture)
   at System.Reflection.RuntimeMethodInfo.Invoke(Object obj, BindingFlags invokeAttr, Binder binder, Object[] parameters, CultureInfo culture)
   at System.Reflection.MethodBase.Invoke(Object obj, Object[] parameters)
   at BenchmarkDotNet.Autogenerated.UniqueProgramName.AfterAssemblyLoadingAttached(String[] args) in D:\Simulation\Assignment 4\Manar166-Assignment-4\assignment\Assignment4\Assignment4\bin\Release\net10.0\Assignment4-DefaultJob-1\Assignment4-DefaultJob-1.notcs:line 57
// AfterAll
No Workload Results were obtained from the run.
// Benchmark Process 10556 has exited with code -1.

// ** Remained 6 (75.0٪؜) benchmark(s) to run. Estimated finish 2026-09-22 11:11 (0h 0m from now) **
Setup power plan (GUID: 8c5e7fda-e8bf-4a96-9a85-a6e23a8c635c FriendlyName: High performance)
// **************************
// Benchmark: StringBenchmark.BuildScheduleReport: DefaultJob [Iterations=1000]
// *** Execute ***
// Launch: 1 / 1
// Execute: dotnet Assignment4-DefaultJob-1.dll --anonymousPipes 1520 1572 --benchmarkName "Assignment4.StringBenchmark.BuildScheduleReport(Iterations: 1000)" --job Default --benchmarkId 2 in D:\Simulation\Assignment 4\Manar166-Assignment-4\assignment\Assignment4\Assignment4\bin\Release\net10.0\Assignment4-DefaultJob-1\bin\Release\net10.0
// BeforeAnythingElse

// Benchmark Process Environment Information:
// BenchmarkDotNet v0.15.8
// Runtime=.NET 10.0.12 (10.0.12, 10.0.1226.42308), X64 RyuJIT x86-64-v3
// GC=Concurrent Workstation
// HardwareIntrinsics=AVX2+BMI1+BMI2+F16C+FMA+LZCNT+MOVBE,AVX,SSE3+SSSE3+SSE4.1+SSE4.2+POPCNT,X86Base+SSE+SSE2,AES+PCLMUL,AvxVnni,SERIALIZE VectorSize=256
// Job: DefaultJob

OverheadJitting  1: 1 op, 118900.00 ns, 118.9000 us/op

System.Reflection.TargetInvocationException: Exception has been thrown by the target of an invocation.
 ---> System.IndexOutOfRangeException: Index was outside the bounds of the array.
   at Assignment4.StringBenchmark.BuildScheduleReport() in D:\Simulation\Assignment 4\Manar166-Assignment-4\assignment\Assignment4\Assignment4\StringBenchmark.cs:line 43
   at BenchmarkDotNet.Autogenerated.Runnable_2.WorkloadActionNoUnroll(Int64 invokeCount) in D:\Simulation\Assignment 4\Manar166-Assignment-4\assignment\Assignment4\Assignment4\bin\Release\net10.0\Assignment4-DefaultJob-1\Assignment4-DefaultJob-1.notcs:line 695
   at BenchmarkDotNet.Engines.Engine.Measure(Action`1 action, Int64 invokeCount)
   at BenchmarkDotNet.Engines.Engine.RunIteration(IterationData data)
   at BenchmarkDotNet.Engines.EngineFactory.Jit(Engine engine, Int32 jitIndex, Int32 invokeCount, Int32 unrollFactor)
   at BenchmarkDotNet.Engines.EngineFactory.CreateReadyToRun(EngineParameters engineParameters)
   at BenchmarkDotNet.Autogenerated.Runnable_2.Run(IHost host, String benchmarkName) in D:\Simulation\Assignment 4\Manar166-Assignment-4\assignment\Assignment4\Assignment4\bin\Release\net10.0\Assignment4-DefaultJob-1\Assignment4-DefaultJob-1.notcs:line 560
   at System.Reflection.MethodBaseInvoker.InterpretedInvoke_Method(Object obj, IntPtr* args)
   at System.Reflection.MethodBaseInvoker.InvokeDirectByRefWithFewArgs(Object obj, Span`1 copyOfArgs, BindingFlags invokeAttr)
   --- End of inner exception stack trace ---
   at System.Reflection.MethodBaseInvoker.InvokeDirectByRefWithFewArgs(Object obj, Span`1 copyOfArgs, BindingFlags invokeAttr)
   at System.Reflection.MethodBaseInvoker.InvokeWithFewArgs(Object obj, BindingFlags invokeAttr, Binder binder, Object[] parameters, CultureInfo culture)
   at System.Reflection.RuntimeMethodInfo.Invoke(Object obj, BindingFlags invokeAttr, Binder binder, Object[] parameters, CultureInfo culture)
   at System.Reflection.MethodBase.Invoke(Object obj, Object[] parameters)
   at BenchmarkDotNet.Autogenerated.UniqueProgramName.AfterAssemblyLoadingAttached(String[] args) in D:\Simulation\Assignment 4\Manar166-Assignment-4\assignment\Assignment4\Assignment4\bin\Release\net10.0\Assignment4-DefaultJob-1\Assignment4-DefaultJob-1.notcs:line 57
// AfterAll
No Workload Results were obtained from the run.
// Benchmark Process 29376 has exited with code -1.

// ** Remained 5 (62.5٪؜) benchmark(s) to run. Estimated finish 2026-09-22 11:11 (0h 0m from now) **
Setup power plan (GUID: 8c5e7fda-e8bf-4a96-9a85-a6e23a8c635c FriendlyName: High performance)
// **************************
// Benchmark: StringBenchmark.ReportUsingStringBuilder: DefaultJob [Iterations=1000]
// *** Execute ***
// Launch: 1 / 1
// Execute: dotnet Assignment4-DefaultJob-1.dll --anonymousPipes 1580 1516 --benchmarkName "Assignment4.StringBenchmark.ReportUsingStringBuilder(Iterations: 1000)" --job Default --benchmarkId 3 in D:\Simulation\Assignment 4\Manar166-Assignment-4\assignment\Assignment4\Assignment4\bin\Release\net10.0\Assignment4-DefaultJob-1\bin\Release\net10.0
// BeforeAnythingElse

// Benchmark Process Environment Information:
// BenchmarkDotNet v0.15.8
// Runtime=.NET 10.0.12 (10.0.12, 10.0.1226.42308), X64 RyuJIT x86-64-v3
// GC=Concurrent Workstation
// HardwareIntrinsics=AVX2+BMI1+BMI2+F16C+FMA+LZCNT+MOVBE,AVX,SSE3+SSSE3+SSE4.1+SSE4.2+POPCNT,X86Base+SSE+SSE2,AES+PCLMUL,AvxVnni,SERIALIZE VectorSize=256
// Job: DefaultJob

OverheadJitting  1: 1 op, 113200.00 ns, 113.2000 us/op

System.Reflection.TargetInvocationException: Exception has been thrown by the target of an invocation.
 ---> System.IndexOutOfRangeException: Index was outside the bounds of the array.
   at Assignment4.StringBenchmark.ReportUsingStringBuilder() in D:\Simulation\Assignment 4\Manar166-Assignment-4\assignment\Assignment4\Assignment4\StringBenchmark.cs:line 57
   at BenchmarkDotNet.Autogenerated.Runnable_3.WorkloadActionNoUnroll(Int64 invokeCount) in D:\Simulation\Assignment 4\Manar166-Assignment-4\assignment\Assignment4\Assignment4\bin\Release\net10.0\Assignment4-DefaultJob-1\Assignment4-DefaultJob-1.notcs:line 887
   at BenchmarkDotNet.Engines.Engine.Measure(Action`1 action, Int64 invokeCount)
   at BenchmarkDotNet.Engines.Engine.RunIteration(IterationData data)
   at BenchmarkDotNet.Engines.EngineFactory.Jit(Engine engine, Int32 jitIndex, Int32 invokeCount, Int32 unrollFactor)
   at BenchmarkDotNet.Engines.EngineFactory.CreateReadyToRun(EngineParameters engineParameters)
   at BenchmarkDotNet.Autogenerated.Runnable_3.Run(IHost host, String benchmarkName) in D:\Simulation\Assignment 4\Manar166-Assignment-4\assignment\Assignment4\Assignment4\bin\Release\net10.0\Assignment4-DefaultJob-1\Assignment4-DefaultJob-1.notcs:line 752
   at System.Reflection.MethodBaseInvoker.InterpretedInvoke_Method(Object obj, IntPtr* args)
   at System.Reflection.MethodBaseInvoker.InvokeDirectByRefWithFewArgs(Object obj, Span`1 copyOfArgs, BindingFlags invokeAttr)
   --- End of inner exception stack trace ---
   at System.Reflection.MethodBaseInvoker.InvokeDirectByRefWithFewArgs(Object obj, Span`1 copyOfArgs, BindingFlags invokeAttr)
   at System.Reflection.MethodBaseInvoker.InvokeWithFewArgs(Object obj, BindingFlags invokeAttr, Binder binder, Object[] parameters, CultureInfo culture)
   at System.Reflection.RuntimeMethodInfo.Invoke(Object obj, BindingFlags invokeAttr, Binder binder, Object[] parameters, CultureInfo culture)
   at System.Reflection.MethodBase.Invoke(Object obj, Object[] parameters)
   at BenchmarkDotNet.Autogenerated.UniqueProgramName.AfterAssemblyLoadingAttached(String[] args) in D:\Simulation\Assignment 4\Manar166-Assignment-4\assignment\Assignment4\Assignment4\bin\Release\net10.0\Assignment4-DefaultJob-1\Assignment4-DefaultJob-1.notcs:line 57
// AfterAll
No Workload Results were obtained from the run.
// Benchmark Process 5572 has exited with code -1.

// ** Remained 4 (50.0٪؜) benchmark(s) to run. Estimated finish 2026-09-22 11:11 (0h 0m from now) **
Setup power plan (GUID: 8c5e7fda-e8bf-4a96-9a85-a6e23a8c635c FriendlyName: High performance)
// **************************
// Benchmark: StringBenchmark.BuildScheduleReport: DefaultJob [Iterations=10000]
// *** Execute ***
// Launch: 1 / 1
// Execute: dotnet Assignment4-DefaultJob-1.dll --anonymousPipes 1624 1604 --benchmarkName "Assignment4.StringBenchmark.BuildScheduleReport(Iterations: 10000)" --job Default --benchmarkId 4 in D:\Simulation\Assignment 4\Manar166-Assignment-4\assignment\Assignment4\Assignment4\bin\Release\net10.0\Assignment4-DefaultJob-1\bin\Release\net10.0
// BeforeAnythingElse

// Benchmark Process Environment Information:
// BenchmarkDotNet v0.15.8
// Runtime=.NET 10.0.12 (10.0.12, 10.0.1226.42308), X64 RyuJIT x86-64-v3
// GC=Concurrent Workstation
// HardwareIntrinsics=AVX2+BMI1+BMI2+F16C+FMA+LZCNT+MOVBE,AVX,SSE3+SSSE3+SSE4.1+SSE4.2+POPCNT,X86Base+SSE+SSE2,AES+PCLMUL,AvxVnni,SERIALIZE VectorSize=256
// Job: DefaultJob

OverheadJitting  1: 1 op, 120200.00 ns, 120.2000 us/op

System.Reflection.TargetInvocationException: Exception has been thrown by the target of an invocation.
 ---> System.IndexOutOfRangeException: Index was outside the bounds of the array.
   at Assignment4.StringBenchmark.BuildScheduleReport() in D:\Simulation\Assignment 4\Manar166-Assignment-4\assignment\Assignment4\Assignment4\StringBenchmark.cs:line 43
   at BenchmarkDotNet.Autogenerated.Runnable_4.WorkloadActionNoUnroll(Int64 invokeCount) in D:\Simulation\Assignment 4\Manar166-Assignment-4\assignment\Assignment4\Assignment4\bin\Release\net10.0\Assignment4-DefaultJob-1\Assignment4-DefaultJob-1.notcs:line 1079
   at BenchmarkDotNet.Engines.Engine.Measure(Action`1 action, Int64 invokeCount)
   at BenchmarkDotNet.Engines.Engine.RunIteration(IterationData data)
   at BenchmarkDotNet.Engines.EngineFactory.Jit(Engine engine, Int32 jitIndex, Int32 invokeCount, Int32 unrollFactor)
   at BenchmarkDotNet.Engines.EngineFactory.CreateReadyToRun(EngineParameters engineParameters)
   at BenchmarkDotNet.Autogenerated.Runnable_4.Run(IHost host, String benchmarkName) in D:\Simulation\Assignment 4\Manar166-Assignment-4\assignment\Assignment4\Assignment4\bin\Release\net10.0\Assignment4-DefaultJob-1\Assignment4-DefaultJob-1.notcs:line 944
   at System.Reflection.MethodBaseInvoker.InterpretedInvoke_Method(Object obj, IntPtr* args)
   at System.Reflection.MethodBaseInvoker.InvokeDirectByRefWithFewArgs(Object obj, Span`1 copyOfArgs, BindingFlags invokeAttr)
   --- End of inner exception stack trace ---
   at System.Reflection.MethodBaseInvoker.InvokeDirectByRefWithFewArgs(Object obj, Span`1 copyOfArgs, BindingFlags invokeAttr)
   at System.Reflection.MethodBaseInvoker.InvokeWithFewArgs(Object obj, BindingFlags invokeAttr, Binder binder, Object[] parameters, CultureInfo culture)
   at System.Reflection.RuntimeMethodInfo.Invoke(Object obj, BindingFlags invokeAttr, Binder binder, Object[] parameters, CultureInfo culture)
   at System.Reflection.MethodBase.Invoke(Object obj, Object[] parameters)
   at BenchmarkDotNet.Autogenerated.UniqueProgramName.AfterAssemblyLoadingAttached(String[] args) in D:\Simulation\Assignment 4\Manar166-Assignment-4\assignment\Assignment4\Assignment4\bin\Release\net10.0\Assignment4-DefaultJob-1\Assignment4-DefaultJob-1.notcs:line 57
// AfterAll
No Workload Results were obtained from the run.
// Benchmark Process 24816 has exited with code -1.

// ** Remained 3 (37.5٪؜) benchmark(s) to run. Estimated finish 2026-09-22 11:11 (0h 0m from now) **
Setup power plan (GUID: 8c5e7fda-e8bf-4a96-9a85-a6e23a8c635c FriendlyName: High performance)
// **************************
// Benchmark: StringBenchmark.ReportUsingStringBuilder: DefaultJob [Iterations=10000]
// *** Execute ***
// Launch: 1 / 1
// Execute: dotnet Assignment4-DefaultJob-1.dll --anonymousPipes 1480 1252 --benchmarkName "Assignment4.StringBenchmark.ReportUsingStringBuilder(Iterations: 10000)" --job Default --benchmarkId 5 in D:\Simulation\Assignment 4\Manar166-Assignment-4\assignment\Assignment4\Assignment4\bin\Release\net10.0\Assignment4-DefaultJob-1\bin\Release\net10.0
// BeforeAnythingElse

// Benchmark Process Environment Information:
// BenchmarkDotNet v0.15.8
// Runtime=.NET 10.0.12 (10.0.12, 10.0.1226.42308), X64 RyuJIT x86-64-v3
// GC=Concurrent Workstation
// HardwareIntrinsics=AVX2+BMI1+BMI2+F16C+FMA+LZCNT+MOVBE,AVX,SSE3+SSSE3+SSE4.1+SSE4.2+POPCNT,X86Base+SSE+SSE2,AES+PCLMUL,AvxVnni,SERIALIZE VectorSize=256
// Job: DefaultJob

OverheadJitting  1: 1 op, 110700.00 ns, 110.7000 us/op

System.Reflection.TargetInvocationException: Exception has been thrown by the target of an invocation.
 ---> System.IndexOutOfRangeException: Index was outside the bounds of the array.
   at Assignment4.StringBenchmark.ReportUsingStringBuilder() in D:\Simulation\Assignment 4\Manar166-Assignment-4\assignment\Assignment4\Assignment4\StringBenchmark.cs:line 57
   at BenchmarkDotNet.Autogenerated.Runnable_5.WorkloadActionNoUnroll(Int64 invokeCount) in D:\Simulation\Assignment 4\Manar166-Assignment-4\assignment\Assignment4\Assignment4\bin\Release\net10.0\Assignment4-DefaultJob-1\Assignment4-DefaultJob-1.notcs:line 1271
   at BenchmarkDotNet.Engines.Engine.Measure(Action`1 action, Int64 invokeCount)
   at BenchmarkDotNet.Engines.Engine.RunIteration(IterationData data)
   at BenchmarkDotNet.Engines.EngineFactory.Jit(Engine engine, Int32 jitIndex, Int32 invokeCount, Int32 unrollFactor)
   at BenchmarkDotNet.Engines.EngineFactory.CreateReadyToRun(EngineParameters engineParameters)
   at BenchmarkDotNet.Autogenerated.Runnable_5.Run(IHost host, String benchmarkName) in D:\Simulation\Assignment 4\Manar166-Assignment-4\assignment\Assignment4\Assignment4\bin\Release\net10.0\Assignment4-DefaultJob-1\Assignment4-DefaultJob-1.notcs:line 1136
   at System.Reflection.MethodBaseInvoker.InterpretedInvoke_Method(Object obj, IntPtr* args)
   at System.Reflection.MethodBaseInvoker.InvokeDirectByRefWithFewArgs(Object obj, Span`1 copyOfArgs, BindingFlags invokeAttr)
   --- End of inner exception stack trace ---
   at System.Reflection.MethodBaseInvoker.InvokeDirectByRefWithFewArgs(Object obj, Span`1 copyOfArgs, BindingFlags invokeAttr)
   at System.Reflection.MethodBaseInvoker.InvokeWithFewArgs(Object obj, BindingFlags invokeAttr, Binder binder, Object[] parameters, CultureInfo culture)
   at System.Reflection.RuntimeMethodInfo.Invoke(Object obj, BindingFlags invokeAttr, Binder binder, Object[] parameters, CultureInfo culture)
   at System.Reflection.MethodBase.Invoke(Object obj, Object[] parameters)
   at BenchmarkDotNet.Autogenerated.UniqueProgramName.AfterAssemblyLoadingAttached(String[] args) in D:\Simulation\Assignment 4\Manar166-Assignment-4\assignment\Assignment4\Assignment4\bin\Release\net10.0\Assignment4-DefaultJob-1\Assignment4-DefaultJob-1.notcs:line 57
// AfterAll
No Workload Results were obtained from the run.
// Benchmark Process 17188 has exited with code -1.

// ** Remained 2 (25.0٪؜) benchmark(s) to run. Estimated finish 2026-09-22 11:11 (0h 0m from now) **
Setup power plan (GUID: 8c5e7fda-e8bf-4a96-9a85-a6e23a8c635c FriendlyName: High performance)
// **************************
// Benchmark: StringBenchmark.BuildScheduleReport: DefaultJob [Iterations=100000]
// *** Execute ***
// Launch: 1 / 1
// Execute: dotnet Assignment4-DefaultJob-1.dll --anonymousPipes 1664 1604 --benchmarkName "Assignment4.StringBenchmark.BuildScheduleReport(Iterations: 100000)" --job Default --benchmarkId 6 in D:\Simulation\Assignment 4\Manar166-Assignment-4\assignment\Assignment4\Assignment4\bin\Release\net10.0\Assignment4-DefaultJob-1\bin\Release\net10.0
// BeforeAnythingElse

// Benchmark Process Environment Information:
// BenchmarkDotNet v0.15.8
// Runtime=.NET 10.0.12 (10.0.12, 10.0.1226.42308), X64 RyuJIT x86-64-v3
// GC=Concurrent Workstation
// HardwareIntrinsics=AVX2+BMI1+BMI2+F16C+FMA+LZCNT+MOVBE,AVX,SSE3+SSSE3+SSE4.1+SSE4.2+POPCNT,X86Base+SSE+SSE2,AES+PCLMUL,AvxVnni,SERIALIZE VectorSize=256
// Job: DefaultJob

OverheadJitting  1: 1 op, 117100.00 ns, 117.1000 us/op

System.Reflection.TargetInvocationException: Exception has been thrown by the target of an invocation.
 ---> System.IndexOutOfRangeException: Index was outside the bounds of the array.
   at Assignment4.StringBenchmark.BuildScheduleReport() in D:\Simulation\Assignment 4\Manar166-Assignment-4\assignment\Assignment4\Assignment4\StringBenchmark.cs:line 43
   at BenchmarkDotNet.Autogenerated.Runnable_6.WorkloadActionNoUnroll(Int64 invokeCount) in D:\Simulation\Assignment 4\Manar166-Assignment-4\assignment\Assignment4\Assignment4\bin\Release\net10.0\Assignment4-DefaultJob-1\Assignment4-DefaultJob-1.notcs:line 1463
   at BenchmarkDotNet.Engines.Engine.Measure(Action`1 action, Int64 invokeCount)
   at BenchmarkDotNet.Engines.Engine.RunIteration(IterationData data)
   at BenchmarkDotNet.Engines.EngineFactory.Jit(Engine engine, Int32 jitIndex, Int32 invokeCount, Int32 unrollFactor)
   at BenchmarkDotNet.Engines.EngineFactory.CreateReadyToRun(EngineParameters engineParameters)
   at BenchmarkDotNet.Autogenerated.Runnable_6.Run(IHost host, String benchmarkName) in D:\Simulation\Assignment 4\Manar166-Assignment-4\assignment\Assignment4\Assignment4\bin\Release\net10.0\Assignment4-DefaultJob-1\Assignment4-DefaultJob-1.notcs:line 1328
   at System.Reflection.MethodBaseInvoker.InterpretedInvoke_Method(Object obj, IntPtr* args)
   at System.Reflection.MethodBaseInvoker.InvokeDirectByRefWithFewArgs(Object obj, Span`1 copyOfArgs, BindingFlags invokeAttr)
   --- End of inner exception stack trace ---
   at System.Reflection.MethodBaseInvoker.InvokeDirectByRefWithFewArgs(Object obj, Span`1 copyOfArgs, BindingFlags invokeAttr)
   at System.Reflection.MethodBaseInvoker.InvokeWithFewArgs(Object obj, BindingFlags invokeAttr, Binder binder, Object[] parameters, CultureInfo culture)
   at System.Reflection.RuntimeMethodInfo.Invoke(Object obj, BindingFlags invokeAttr, Binder binder, Object[] parameters, CultureInfo culture)
   at System.Reflection.MethodBase.Invoke(Object obj, Object[] parameters)
   at BenchmarkDotNet.Autogenerated.UniqueProgramName.AfterAssemblyLoadingAttached(String[] args) in D:\Simulation\Assignment 4\Manar166-Assignment-4\assignment\Assignment4\Assignment4\bin\Release\net10.0\Assignment4-DefaultJob-1\Assignment4-DefaultJob-1.notcs:line 57
// AfterAll
No Workload Results were obtained from the run.
// Benchmark Process 13060 has exited with code -1.

// ** Remained 1 (12.5٪؜) benchmark(s) to run. Estimated finish 2026-09-22 11:11 (0h 0m from now) **
Setup power plan (GUID: 8c5e7fda-e8bf-4a96-9a85-a6e23a8c635c FriendlyName: High performance)
// **************************
// Benchmark: StringBenchmark.ReportUsingStringBuilder: DefaultJob [Iterations=100000]
// *** Execute ***
// Launch: 1 / 1
// Execute: dotnet Assignment4-DefaultJob-1.dll --anonymousPipes 1452 1680 --benchmarkName "Assignment4.StringBenchmark.ReportUsingStringBuilder(Iterations: 100000)" --job Default --benchmarkId 7 in D:\Simulation\Assignment 4\Manar166-Assignment-4\assignment\Assignment4\Assignment4\bin\Release\net10.0\Assignment4-DefaultJob-1\bin\Release\net10.0
// BeforeAnythingElse

// Benchmark Process Environment Information:
// BenchmarkDotNet v0.15.8
// Runtime=.NET 10.0.12 (10.0.12, 10.0.1226.42308), X64 RyuJIT x86-64-v3
// GC=Concurrent Workstation
// HardwareIntrinsics=AVX2+BMI1+BMI2+F16C+FMA+LZCNT+MOVBE,AVX,SSE3+SSSE3+SSE4.1+SSE4.2+POPCNT,X86Base+SSE+SSE2,AES+PCLMUL,AvxVnni,SERIALIZE VectorSize=256
// Job: DefaultJob

OverheadJitting  1: 1 op, 113200.00 ns, 113.2000 us/op

System.Reflection.TargetInvocationException: Exception has been thrown by the target of an invocation.
 ---> System.IndexOutOfRangeException: Index was outside the bounds of the array.
   at Assignment4.StringBenchmark.ReportUsingStringBuilder() in D:\Simulation\Assignment 4\Manar166-Assignment-4\assignment\Assignment4\Assignment4\StringBenchmark.cs:line 57
   at BenchmarkDotNet.Autogenerated.Runnable_7.WorkloadActionNoUnroll(Int64 invokeCount) in D:\Simulation\Assignment 4\Manar166-Assignment-4\assignment\Assignment4\Assignment4\bin\Release\net10.0\Assignment4-DefaultJob-1\Assignment4-DefaultJob-1.notcs:line 1655
   at BenchmarkDotNet.Engines.Engine.Measure(Action`1 action, Int64 invokeCount)
   at BenchmarkDotNet.Engines.Engine.RunIteration(IterationData data)
   at BenchmarkDotNet.Engines.EngineFactory.Jit(Engine engine, Int32 jitIndex, Int32 invokeCount, Int32 unrollFactor)
   at BenchmarkDotNet.Engines.EngineFactory.CreateReadyToRun(EngineParameters engineParameters)
   at BenchmarkDotNet.Autogenerated.Runnable_7.Run(IHost host, String benchmarkName) in D:\Simulation\Assignment 4\Manar166-Assignment-4\assignment\Assignment4\Assignment4\bin\Release\net10.0\Assignment4-DefaultJob-1\Assignment4-DefaultJob-1.notcs:line 1520
   at System.Reflection.MethodBaseInvoker.InterpretedInvoke_Method(Object obj, IntPtr* args)
   at System.Reflection.MethodBaseInvoker.InvokeDirectByRefWithFewArgs(Object obj, Span`1 copyOfArgs, BindingFlags invokeAttr)
   --- End of inner exception stack trace ---
   at System.Reflection.MethodBaseInvoker.InvokeDirectByRefWithFewArgs(Object obj, Span`1 copyOfArgs, BindingFlags invokeAttr)
   at System.Reflection.MethodBaseInvoker.InvokeWithFewArgs(Object obj, BindingFlags invokeAttr, Binder binder, Object[] parameters, CultureInfo culture)
   at System.Reflection.RuntimeMethodInfo.Invoke(Object obj, BindingFlags invokeAttr, Binder binder, Object[] parameters, CultureInfo culture)
   at System.Reflection.MethodBase.Invoke(Object obj, Object[] parameters)
   at BenchmarkDotNet.Autogenerated.UniqueProgramName.AfterAssemblyLoadingAttached(String[] args) in D:\Simulation\Assignment 4\Manar166-Assignment-4\assignment\Assignment4\Assignment4\bin\Release\net10.0\Assignment4-DefaultJob-1\Assignment4-DefaultJob-1.notcs:line 57
// AfterAll
No Workload Results were obtained from the run.
// Benchmark Process 8636 has exited with code -1.

// ** Remained 0 (0.0٪؜) benchmark(s) to run. Estimated finish 2026-09-22 11:11 (0h 0m from now) **
Successfully reverted power plan (GUID: 8c5e7fda-e8bf-4a96-9a85-a6e23a8c635c FriendlyName: High performance)
// ***** BenchmarkRunner: Finish  *****

// * Export *
  BenchmarkDotNet.Artifacts\results\Assignment4.StringBenchmark-report.csv
  BenchmarkDotNet.Artifacts\results\Assignment4.StringBenchmark-report-github.md
  BenchmarkDotNet.Artifacts\results\Assignment4.StringBenchmark-report.html

// * Detailed results *
StringBenchmark.BuildScheduleReport: DefaultJob [Iterations=100]
Runtime = .NET 10.0.12 (10.0.12, 10.0.1226.42308), X64 RyuJIT x86-64-v3; GC = Concurrent Workstation
There are not any results runs

StringBenchmark.ReportUsingStringBuilder: DefaultJob [Iterations=100]
Runtime = .NET 10.0.12 (10.0.12, 10.0.1226.42308), X64 RyuJIT x86-64-v3; GC = Concurrent Workstation
There are not any results runs

StringBenchmark.BuildScheduleReport: DefaultJob [Iterations=1000]
Runtime = .NET 10.0.12 (10.0.12, 10.0.1226.42308), X64 RyuJIT x86-64-v3; GC = Concurrent Workstation
There are not any results runs

StringBenchmark.ReportUsingStringBuilder: DefaultJob [Iterations=1000]
Runtime = .NET 10.0.12 (10.0.12, 10.0.1226.42308), X64 RyuJIT x86-64-v3; GC = Concurrent Workstation
There are not any results runs

StringBenchmark.BuildScheduleReport: DefaultJob [Iterations=10000]
Runtime = .NET 10.0.12 (10.0.12, 10.0.1226.42308), X64 RyuJIT x86-64-v3; GC = Concurrent Workstation
There are not any results runs

StringBenchmark.ReportUsingStringBuilder: DefaultJob [Iterations=10000]
Runtime = .NET 10.0.12 (10.0.12, 10.0.1226.42308), X64 RyuJIT x86-64-v3; GC = Concurrent Workstation
There are not any results runs

StringBenchmark.BuildScheduleReport: DefaultJob [Iterations=100000]
Runtime = .NET 10.0.12 (10.0.12, 10.0.1226.42308), X64 RyuJIT x86-64-v3; GC = Concurrent Workstation
There are not any results runs

StringBenchmark.ReportUsingStringBuilder: DefaultJob [Iterations=100000]
Runtime = .NET 10.0.12 (10.0.12, 10.0.1226.42308), X64 RyuJIT x86-64-v3; GC = Concurrent Workstation
There are not any results runs

// * Summary *

BenchmarkDotNet v0.15.8, Windows 11 (10.0.26200.9457/25H2/2025Update/HudsonValley2)
13th Gen Intel Core i7-13620H 2.40GHz, 1 CPU, 16 logical and 10 physical cores
.NET SDK 10.0.401
  [Host]     : .NET 10.0.12 (10.0.12, 10.0.1226.42308), X64 RyuJIT x86-64-v3 [AttachedDebugger]
  DefaultJob : .NET 10.0.12 (10.0.12, 10.0.1226.42308), X64 RyuJIT x86-64-v3


| Method                   | Iterations | Mean | Error |
|------------------------- |----------- |-----:|------:|
| BuildScheduleReport      | 100        |   NA |    NA |
| ReportUsingStringBuilder | 100        |   NA |    NA |
| BuildScheduleReport      | 1000       |   NA |    NA |
| ReportUsingStringBuilder | 1000       |   NA |    NA |
| BuildScheduleReport      | 10000      |   NA |    NA |
| ReportUsingStringBuilder | 10000      |   NA |    NA |
| BuildScheduleReport      | 100000     |   NA |    NA |
| ReportUsingStringBuilder | 100000     |   NA |    NA |

Benchmarks with issues:
  StringBenchmark.BuildScheduleReport: DefaultJob [Iterations=100]
  StringBenchmark.ReportUsingStringBuilder: DefaultJob [Iterations=100]
  StringBenchmark.BuildScheduleReport: DefaultJob [Iterations=1000]
  StringBenchmark.ReportUsingStringBuilder: DefaultJob [Iterations=1000]
  StringBenchmark.BuildScheduleReport: DefaultJob [Iterations=10000]
  StringBenchmark.ReportUsingStringBuilder: DefaultJob [Iterations=10000]
  StringBenchmark.BuildScheduleReport: DefaultJob [Iterations=100000]
  StringBenchmark.ReportUsingStringBuilder: DefaultJob [Iterations=100000]

// * Warnings *
Environment
  Summary -> Benchmark was executed with attached debugger
  Summary -> Detected error exit code from one of the benchmarks. It might be caused by following antivirus software:
        - Windows Defender (windowsdefender://)
Use InProcessEmitToolchain or InProcessNoEmitToolchain to avoid new process creation.


// * Legends *
  Iterations : Value of the 'Iterations' parameter
  Mean       : Arithmetic mean of all measurements
  Error      : Half of 99.9% confidence interval
  1 ns       : 1 Nanosecond (0.000000001 sec)

// * Diagnostic Output - MemoryDiagnoser *


// ***** BenchmarkRunner: End *****
Run time: 00:00:02 (2.32 sec), executed benchmarks: 8

Global total time: 00:00:09 (9.61 sec), executed benchmarks: 8
// * Artifacts cleanup *
Artifacts cleanup is finished
